tianshu@VirtualLamiaceae ~/ras/Rasware/Blackbird $ ls
bugtracker.txt  hardware.c  Makefile  pseudocontrol.txt   sensors.d
control.c       hardware.d  math.c    pseudonav.txt       sensors.h
control.d       hardware.h  math.d    raspy.c             Startup.c
control.h       lm4f.ld     math.h    raspy.d             Startup.d
display.c       Main.c      nav.c     raspy.h             structures.h
display.d       Main.d      nav.d     RASTemplate.uvproj
display.h       main.h      nav.h     sensors.c
tianshu@VirtualLamiaceae ~/ras/Rasware/Blackbird $ cd ..
tianshu@VirtualLamiaceae ~/ras/Rasware $ ls
Blackbird     LEDDemo  Pulse    RASLib  RASTemplate  ServoCode
HelloWorld.c  LICENSE  RASDemo  RasPy   README.md
tianshu@VirtualLamiaceae ~/ras/Rasware $ cd RasPy
tianshu@VirtualLamiaceae ~/ras/Rasware/RasPy $ ls
main-old.py  main.py  main.pyc  raspy.py  raspy.py~  raspy.pyc  readme.txt
tianshu@VirtualLamiaceae ~/ras/Rasware/RasPy $ python raspy.py
tianshu@VirtualLamiaceae ~/ras/Rasware/RasPy $ python main.py
launchpad connected: /dev/lm4f
  C-c C-cTraceback (most recent call last):
  File "main.py", line 41, in <module>
    launchpad.update()
  File "/home/tianshu/ras/Rasware/RasPy/raspy.py", line 159, in update
    is_frame_draw = self.update_buffer()
  File "/home/tianshu/ras/Rasware/RasPy/raspy.py", line 174, in update_buffer
    instruction = self.parse_line(self.get_line())
  File "/home/tianshu/ras/Rasware/RasPy/raspy.py", line 71, in get_line
    return(self.device.readline().strip())
  File "/home/tianshu/.local/lib/python2.7/site-packages/serial/serialposix.py", line 483, in read
    ready, _, _ = select.select([self.fd, self.pipe_abort_read_r], [], [], timeout.time_left())
KeyboardInterrupt
tianshu@VirtualLamiaceae ~/ras/Rasware/RasPycd ..
tianshu@VirtualLamiaceae ~/ras/Rasware $ cd Blackbird
tianshu@VirtualLamiaceae ~/ras/Rasware/Blackbird $ make flash || make flash
arm-none-eabi-gcc -c -mthumb -mcpu=cortex-m4 -g -mfpu=fpv4-sp-d16 -mfloat-abi=softfp -O0 -ffunction-sections -fdata-sections -MD -std=c99 -Dgcc -DPART_LM4F120H5QR -DTARGET_IS_BLIZZARD_RA1 -Iinc -I../RASLib/.. -I/usr/local/lib/StellarisWare/.. -I/usr/local/lib/StellarisWare -o hardware.o hardware.c
arm-none-eabi-gcc -c -mthumb -mcpu=cortex-m4 -g -mfpu=fpv4-sp-d16 -mfloat-abi=softfp -O0 -ffunction-sections -fdata-sections -MD -std=c99 -Dgcc -DPART_LM4F120H5QR -DTARGET_IS_BLIZZARD_RA1 -Iinc -I../RASLib/.. -I/usr/local/lib/StellarisWare/.. -I/usr/local/lib/StellarisWare -o nav.o nav.c
nav.c:85:7: error: conflicting types for 'findValidTargets'
 float findValidTargets(pointSet * points) {
       ^
In file included from nav.c:4:0:
nav.h:24:6: note: previous declaration of 'findValidTargets' was here
 void findValidTargets(pointSet * points);
      ^
nav.c: In function 'findValidTargets':
nav.c:88:11: error: expected identifier or '(' before '->' token
   pointSet->vectorCount = 1;
           ^
nav.c:98:9: error: expected expression before 'pointSet'
     if (pointSet->obstacleIndex[i] == 0 &&
         ^
nav.c:101:36: error: 'math' undeclared (first use in this function)
       cleared_sector[1] = 20*i - 2*math.asinf(5/pointSet->r[i]);
                                    ^
nav.c:101:36: note: each undeclared identifier is reported only once for each function it appears in
nav.c:101:49: error: expected expression before 'pointSet'
       cleared_sector[1] = 20*i - 2*math.asinf(5/pointSet->r[i]);
                                                 ^
nav.c:107:14: error: expected expression before 'pointSet'
     else if (pointSet->obstacleIndex[i] != 0 &&
              ^
nav.c:109:43: error: expected expression before 'pointSet'
       central_angle = 20*i - math.asinf(8/pointSet->r[i]);
                                           ^
nav.c:118:19: error: 'isvalid' undeclared (first use in this function)
     while (j>0 && isvalid = 1) {
                   ^
nav.c:133:15: error: expected identifier or '(' before '->' token
       pointSet->validVectors[vectorCount-1] = central_angle;
               ^
nav.c:134:7: error: 'vectorCount' undeclared (first use in this function)
       vectorCount += 1;
       ^
Makefile:114: recipe for target 'nav.o' failed
make: *** [nav.o] Error 1
rm hardware.o
arm-none-eabi-gcc -c -mthumb -mcpu=cortex-m4 -g -mfpu=fpv4-sp-d16 -mfloat-abi=softfp -O0 -ffunction-sections -fdata-sections -MD -std=c99 -Dgcc -DPART_LM4F120H5QR -DTARGET_IS_BLIZZARD_RA1 -Iinc -I../RASLib/.. -I/usr/local/lib/StellarisWare/.. -I/usr/local/lib/StellarisWare -o hardware.o hardware.c
arm-none-eabi-gcc -c -mthumb -mcpu=cortex-m4 -g -mfpu=fpv4-sp-d16 -mfloat-abi=softfp -O0 -ffunction-sections -fdata-sections -MD -std=c99 -Dgcc -DPART_LM4F120H5QR -DTARGET_IS_BLIZZARD_RA1 -Iinc -I../RASLib/.. -I/usr/local/lib/StellarisWare/.. -I/usr/local/lib/StellarisWare -o nav.o nav.c
nav.c:85:7: error: conflicting types for 'findValidTargets'
 float findValidTargets(pointSet * points) {
       ^
In file included from nav.c:4:0:
nav.h:24:6: note: previous declaration of 'findValidTargets' was here
 void findValidTargets(pointSet * points);
      ^
nav.c: In function 'findValidTargets':
nav.c:88:11: error: expected identifier or '(' before '->' token
   pointSet->vectorCount = 1;
           ^
nav.c:98:9: error: expected expression before 'pointSet'
     if (pointSet->obstacleIndex[i] == 0 &&
         ^
nav.c:101:36: error: 'math' undeclared (first use in this function)
       cleared_sector[1] = 20*i - 2*math.asinf(5/pointSet->r[i]);
                                    ^
nav.c:101:36: note: each undeclared identifier is reported only once for each function it appears in
nav.c:101:49: error: expected expression before 'pointSet'
       cleared_sector[1] = 20*i - 2*math.asinf(5/pointSet->r[i]);
                                                 ^
nav.c:107:14: error: expected expression before 'pointSet'
     else if (pointSet->obstacleIndex[i] != 0 &&
              ^
nav.c:109:43: error: expected expression before 'pointSet'
       central_angle = 20*i - math.asinf(8/pointSet->r[i]);
                                           ^
nav.c:118:19: error: 'isvalid' undeclared (first use in this function)
     while (j>0 && isvalid = 1) {
                   ^
nav.c:133:15: error: expected identifier or '(' before '->' token
       pointSet->validVectors[vectorCount-1] = central_angle;
               ^
nav.c:134:7: error: 'vectorCount' undeclared (first use in this function)
       vectorCount += 1;
       ^
Makefile:114: recipe for target 'nav.o' failed
make: *** [nav.o] Error 1
rm hardware.o
tianshu@VirtualLamiaceae ~/ras/Rasware/Blackbird $ make flash
arm-none-eabi-gcc -c -mthumb -mcpu=cortex-m4 -g -mfpu=fpv4-sp-d16 -mfloat-abi=softfp -O0 -ffunction-sections -fdata-sections -MD -std=c99 -Dgcc -DPART_LM4F120H5QR -DTARGET_IS_BLIZZARD_RA1 -Iinc -I../RASLib/.. -I/usr/local/lib/StellarisWare/.. -I/usr/local/lib/StellarisWare -o hardware.o hardware.c
arm-none-eabi-gcc -c -mthumb -mcpu=cortex-m4 -g -mfpu=fpv4-sp-d16 -mfloat-abi=softfp -O0 -ffunction-sections -fdata-sections -MD -std=c99 -Dgcc -DPART_LM4F120H5QR -DTARGET_IS_BLIZZARD_RA1 -Iinc -I../RASLib/.. -I/usr/local/lib/StellarisWare/.. -I/usr/local/lib/StellarisWare -o nav.o nav.c
nav.c: In function 'findValidTargets':
nav.c:101:36: error: 'math' undeclared (first use in this function)
       cleared_sector[1] = 20*i - 2*math.asinf(5/pointSet->r[i]);
                                    ^
nav.c:101:36: note: each undeclared identifier is reported only once for each function it appears in
nav.c:101:49: error: expected expression before 'pointSet'
       cleared_sector[1] = 20*i - 2*math.asinf(5/pointSet->r[i]);
                                                 ^
nav.c:118:19: error: 'isvalid' undeclared (first use in this function)
     while (j>0 && isvalid = 1) {
                   ^
nav.c:133:28: error: 'vectorCount' undeclared (first use in this function)
       points->validVectors[vectorCount-1] = central_angle;
                            ^
Makefile:114: recipe for target 'nav.o' failed
make: *** [nav.o] Error 1
rm hardware.o
tianshu@VirtualLamiaceae ~/ras/Rasware/Blackbird $ make
arm-none-eabi-gcc -c -mthumb -mcpu=cortex-m4 -g -mfpu=fpv4-sp-d16 -mfloat-abi=softfp -O0 -ffunction-sections -fdata-sections -MD -std=c99 -Dgcc -DPART_LM4F120H5QR -DTARGET_IS_BLIZZARD_RA1 -Iinc -I../RASLib/.. -I/usr/local/lib/StellarisWare/.. -I/usr/local/lib/StellarisWare -o hardware.o hardware.c
arm-none-eabi-gcc -c -mthumb -mcpu=cortex-m4 -g -mfpu=fpv4-sp-d16 -mfloat-abi=softfp -O0 -ffunction-sections -fdata-sections -MD -std=c99 -Dgcc -DPART_LM4F120H5QR -DTARGET_IS_BLIZZARD_RA1 -Iinc -I../RASLib/.. -I/usr/local/lib/StellarisWare/.. -I/usr/local/lib/StellarisWare -o nav.o nav.c
nav.c: In function 'findValidTargets':
nav.c:101:44: error: expected expression before 'pointSet'
       cleared_sector[1] = 20*i - 2*asinf(5/pointSet->r[i]);
                                            ^
nav.c:109:30: error: 'math' undeclared (first use in this function)
       central_angle = 20*i - math.asinf(8/points->r[i]);
                              ^
nav.c:109:30: note: each undeclared identifier is reported only once for each function it appears in
nav.c:118:19: error: 'isvalid' undeclared (first use in this function)
     while (j>0 && isvalid = 1) {
                   ^
nav.c:133:28: error: 'vectorCount' undeclared (first use in this function)
       points->validVectors[vectorCount-1] = central_angle;
                            ^
Makefile:114: recipe for target 'nav.o' failed
make: *** [nav.o] Error 1
rm hardware.o
tianshu@VirtualLamiaceae ~/ras/Rasware/Blackbird $ make
arm-none-eabi-gcc -c -mthumb -mcpu=cortex-m4 -g -mfpu=fpv4-sp-d16 -mfloat-abi=softfp -O0 -ffunction-sections -fdata-sections -MD -std=c99 -Dgcc -DPART_LM4F120H5QR -DTARGET_IS_BLIZZARD_RA1 -Iinc -I../RASLib/.. -I/usr/local/lib/StellarisWare/.. -I/usr/local/lib/StellarisWare -o hardware.o hardware.c
arm-none-eabi-gcc -c -mthumb -mcpu=cortex-m4 -g -mfpu=fpv4-sp-d16 -mfloat-abi=softfp -O0 -ffunction-sections -fdata-sections -MD -std=c99 -Dgcc -DPART_LM4F120H5QR -DTARGET_IS_BLIZZARD_RA1 -Iinc -I../RASLib/.. -I/usr/local/lib/StellarisWare/.. -I/usr/local/lib/StellarisWare -o nav.o nav.c
nav.c: In function 'findValidTargets':
nav.c:109:30: error: 'math' undeclared (first use in this function)
       central_angle = 20*i - math.asinf(8/points->r[i]);
                              ^
nav.c:109:30: note: each undeclared identifier is reported only once for each function it appears in
nav.c:118:19: error: 'isvalid' undeclared (first use in this function)
     while (j>0 && isvalid = 1) {
                   ^
nav.c:133:27: error: array subscript is not an integer
       points->validVectors[(points->vectorCount)-1] = central_angle;
                           ^
nav.c:134:7: error: 'vectorCount' undeclared (first use in this function)
       vectorCount += 1;
       ^
Makefile:114: recipe for target 'nav.o' failed
make: *** [nav.o] Error 1
rm hardware.o
tianshu@VirtualLamiaceae ~/ras/Rasware/Blackbird $ make
arm-none-eabi-gcc -c -mthumb -mcpu=cortex-m4 -g -mfpu=fpv4-sp-d16 -mfloat-abi=softfp -O0 -ffunction-sections -fdata-sections -MD -std=c99 -Dgcc -DPART_LM4F120H5QR -DTARGET_IS_BLIZZARD_RA1 -Iinc -I../RASLib/.. -I/usr/local/lib/StellarisWare/.. -I/usr/local/lib/StellarisWare -o hardware.o hardware.c
arm-none-eabi-gcc -c -mthumb -mcpu=cortex-m4 -g -mfpu=fpv4-sp-d16 -mfloat-abi=softfp -O0 -ffunction-sections -fdata-sections -MD -std=c99 -Dgcc -DPART_LM4F120H5QR -DTARGET_IS_BLIZZARD_RA1 -Iinc -I../RASLib/.. -I/usr/local/lib/StellarisWare/.. -I/usr/local/lib/StellarisWare -o nav.o nav.c
nav.c: In function 'findValidTargets':
nav.c:118:19: error: 'isvalid' undeclared (first use in this function)
     while (j>0 && isvalid = 1) {
                   ^
nav.c:118:19: note: each undeclared identifier is reported only once for each function it appears in
nav.c:123:4: error: 'math' undeclared (first use in this function)
    math.pow(points->x[i] - points->x[j],2) +
    ^
nav.c:133:27: error: array subscript is not an integer
       points->validVectors[(points->vectorCount)-1] = central_angle;
                           ^
nav.c:134:7: error: 'vectorCount' undeclared (first use in this function)
       vectorCount += 1;
       ^
Makefile:114: recipe for target 'nav.o' failed
make: *** [nav.o] Error 1
rm hardware.o
tianshu@VirtualLamiaceae ~/ras/Rasware/Blackbird $ make
arm-none-eabi-gcc -c -mthumb -mcpu=cortex-m4 -g -mfpu=fpv4-sp-d16 -mfloat-abi=softfp -O0 -ffunction-sections -fdata-sections -MD -std=c99 -Dgcc -DPART_LM4F120H5QR -DTARGET_IS_BLIZZARD_RA1 -Iinc -I../RASLib/.. -I/usr/local/lib/StellarisWare/.. -I/usr/local/lib/StellarisWare -o hardware.o hardware.c
arm-none-eabi-gcc -c -mthumb -mcpu=cortex-m4 -g -mfpu=fpv4-sp-d16 -mfloat-abi=softfp -O0 -ffunction-sections -fdata-sections -MD -std=c99 -Dgcc -DPART_LM4F120H5QR -DTARGET_IS_BLIZZARD_RA1 -Iinc -I../RASLib/.. -I/usr/local/lib/StellarisWare/.. -I/usr/local/lib/StellarisWare -o nav.o nav.c
nav.c: In function 'findValidTargets':
nav.c:118:19: error: 'isvalid' undeclared (first use in this function)
     while (j>0 && isvalid = 1) {
                   ^
nav.c:118:19: note: each undeclared identifier is reported only once for each function it appears in
nav.c:133:27: error: array subscript is not an integer
       points->validVectors[(points->vectorCount)-1] = central_angle;
                           ^
nav.c:134:7: error: 'vectorCount' undeclared (first use in this function)
       vectorCount += 1;
       ^
Makefile:114: recipe for target 'nav.o' failed
make: *** [nav.o] Error 1
rm hardware.o
tianshu@VirtualLamiaceae ~/ras/Rasware/Blackbird $ make
arm-none-eabi-gcc -c -mthumb -mcpu=cortex-m4 -g -mfpu=fpv4-sp-d16 -mfloat-abi=softfp -O0 -ffunction-sections -fdata-sections -MD -std=c99 -Dgcc -DPART_LM4F120H5QR -DTARGET_IS_BLIZZARD_RA1 -Iinc -I../RASLib/.. -I/usr/local/lib/StellarisWare/.. -I/usr/local/lib/StellarisWare -o hardware.o hardware.c
arm-none-eabi-gcc -c -mthumb -mcpu=cortex-m4 -g -mfpu=fpv4-sp-d16 -mfloat-abi=softfp -O0 -ffunction-sections -fdata-sections -MD -std=c99 -Dgcc -DPART_LM4F120H5QR -DTARGET_IS_BLIZZARD_RA1 -Iinc -I../RASLib/.. -I/usr/local/lib/StellarisWare/.. -I/usr/local/lib/StellarisWare -o nav.o nav.c
nav.c: In function 'findValidTargets':
nav.c:118:27: error: lvalue required as left operand of assignment
     while (j>0 && isValid = 1) {
                           ^
nav.c:133:27: error: array subscript is not an integer
       points->validVectors[(points->vectorCount)-1] = central_angle;
                           ^
nav.c:134:7: error: 'vectorCount' undeclared (first use in this function)
       vectorCount += 1;
       ^
nav.c:134:7: note: each undeclared identifier is reported only once for each function it appears in
Makefile:114: recipe for target 'nav.o' failed
make: *** [nav.o] Error 1
rm hardware.o
tianshu@VirtualLamiaceae ~/ras/Rasware/Blackbird $ make
arm-none-eabi-gcc -c -mthumb -mcpu=cortex-m4 -g -mfpu=fpv4-sp-d16 -mfloat-abi=softfp -O0 -ffunction-sections -fdata-sections -MD -std=c99 -Dgcc -DPART_LM4F120H5QR -DTARGET_IS_BLIZZARD_RA1 -Iinc -I../RASLib/.. -I/usr/local/lib/StellarisWare/.. -I/usr/local/lib/StellarisWare -o hardware.o hardware.c
arm-none-eabi-gcc -c -mthumb -mcpu=cortex-m4 -g -mfpu=fpv4-sp-d16 -mfloat-abi=softfp -O0 -ffunction-sections -fdata-sections -MD -std=c99 -Dgcc -DPART_LM4F120H5QR -DTARGET_IS_BLIZZARD_RA1 -Iinc -I../RASLib/.. -I/usr/local/lib/StellarisWare/.. -I/usr/local/lib/StellarisWare -o nav.o nav.c
nav.c: In function 'findValidTargets':
nav.c:133:27: error: array subscript is not an integer
       points->validVectors[(points->vectorCount)-1] = central_angle;
                           ^
nav.c:134:7: error: 'vectorCount' undeclared (first use in this function)
       vectorCount += 1;
       ^
nav.c:134:7: note: each undeclared identifier is reported only once for each function it appears in
Makefile:114: recipe for target 'nav.o' failed
make: *** [nav.o] Error 1
rm hardware.o
tianshu@VirtualLamiaceae ~/ras/Rasware/Blackbird $ ls
bugtracker.txt  hardware.c  Makefile  pseudocontrol.txt   sensors.d
control.c       hardware.d  math.c    pseudonav.txt       sensors.h
control.d       hardware.h  math.d    raspy.c             *shell*
control.h       lm4f.ld     math.h    raspy.d             Startup.c
display.c       Main.c      nav.c     raspy.h             Startup.d
display.d       Main.d      nav.d     RASTemplate.uvproj  structures.h
display.h       main.h      nav.h     sensors.c
tianshu@VirtualLamiaceae ~/ras/Rasware/Blackbird $ rm *shell*
tianshu@VirtualLamiaceae ~/ras/Rasware/Blackbird $ ls
bugtracker.txt  hardware.c  Makefile  pseudocontrol.txt   sensors.d
control.c       hardware.d  math.c    pseudonav.txt       sensors.h
control.d       hardware.h  math.d    raspy.c             Startup.c
control.h       lm4f.ld     math.h    raspy.d             Startup.d
display.c       Main.c      nav.c     raspy.h             structures.h
display.d       Main.d      nav.d     RASTemplate.uvproj
display.h       main.h      nav.h     sensors.c
tianshu@VirtualLamiaceae ~/ras/Rasware/Blackbird $ make
arm-none-eabi-gcc -c -mthumb -mcpu=cortex-m4 -g -mfpu=fpv4-sp-d16 -mfloat-abi=softfp -O0 -ffunction-sections -fdata-sections -MD -std=c99 -Dgcc -DPART_LM4F120H5QR -DTARGET_IS_BLIZZARD_RA1 -Iinc -I../RASLib/.. -I/usr/local/lib/StellarisWare/.. -I/usr/local/lib/StellarisWare -o hardware.o hardware.c
arm-none-eabi-gcc -c -mthumb -mcpu=cortex-m4 -g -mfpu=fpv4-sp-d16 -mfloat-abi=softfp -O0 -ffunction-sections -fdata-sections -MD -std=c99 -Dgcc -DPART_LM4F120H5QR -DTARGET_IS_BLIZZARD_RA1 -Iinc -I../RASLib/.. -I/usr/local/lib/StellarisWare/.. -I/usr/local/lib/StellarisWare -o nav.o nav.c
nav.c: In function 'findValidTargets':
nav.c:133:27: error: array subscript is not an integer
       points->validVectors[(points->vectorCount)-1] = central_angle;
                           ^
Makefile:114: recipe for target 'nav.o' failed
make: *** [nav.o] Error 1
rm hardware.o
tianshu@VirtualLamiaceae ~/ras/Rasware/Blackbird $ make
arm-none-eabi-gcc -c -mthumb -mcpu=cortex-m4 -g -mfpu=fpv4-sp-d16 -mfloat-abi=softfp -O0 -ffunction-sections -fdata-sections -MD -std=c99 -Dgcc -DPART_LM4F120H5QR -DTARGET_IS_BLIZZARD_RA1 -Iinc -I../RASLib/.. -I/usr/local/lib/StellarisWare/.. -I/usr/local/lib/StellarisWare -o hardware.o hardware.c
arm-none-eabi-gcc -c -mthumb -mcpu=cortex-m4 -g -mfpu=fpv4-sp-d16 -mfloat-abi=softfp -O0 -ffunction-sections -fdata-sections -MD -std=c99 -Dgcc -DPART_LM4F120H5QR -DTARGET_IS_BLIZZARD_RA1 -Iinc -I../RASLib/.. -I/usr/local/lib/StellarisWare/.. -I/usr/local/lib/StellarisWare -o nav.o nav.c
arm-none-eabi-gcc -c -mthumb -mcpu=cortex-m4 -g -mfpu=fpv4-sp-d16 -mfloat-abi=softfp -O0 -ffunction-sections -fdata-sections -MD -std=c99 -Dgcc -DPART_LM4F120H5QR -DTARGET_IS_BLIZZARD_RA1 -Iinc -I../RASLib/.. -I/usr/local/lib/StellarisWare/.. -I/usr/local/lib/StellarisWare -o Main.o Main.c
arm-none-eabi-gcc -c -mthumb -mcpu=cortex-m4 -g -mfpu=fpv4-sp-d16 -mfloat-abi=softfp -O0 -ffunction-sections -fdata-sections -MD -std=c99 -Dgcc -DPART_LM4F120H5QR -DTARGET_IS_BLIZZARD_RA1 -Iinc -I../RASLib/.. -I/usr/local/lib/StellarisWare/.. -I/usr/local/lib/StellarisWare -o display.o display.c
arm-none-eabi-gcc -c -mthumb -mcpu=cortex-m4 -g -mfpu=fpv4-sp-d16 -mfloat-abi=softfp -O0 -ffunction-sections -fdata-sections -MD -std=c99 -Dgcc -DPART_LM4F120H5QR -DTARGET_IS_BLIZZARD_RA1 -Iinc -I../RASLib/.. -I/usr/local/lib/StellarisWare/.. -I/usr/local/lib/StellarisWare -o sensors.o sensors.c
arm-none-eabi-gcc -c -mthumb -mcpu=cortex-m4 -g -mfpu=fpv4-sp-d16 -mfloat-abi=softfp -O0 -ffunction-sections -fdata-sections -MD -std=c99 -Dgcc -DPART_LM4F120H5QR -DTARGET_IS_BLIZZARD_RA1 -Iinc -I../RASLib/.. -I/usr/local/lib/StellarisWare/.. -I/usr/local/lib/StellarisWare -o math.o math.c
arm-none-eabi-gcc -c -mthumb -mcpu=cortex-m4 -g -mfpu=fpv4-sp-d16 -mfloat-abi=softfp -O0 -ffunction-sections -fdata-sections -MD -std=c99 -Dgcc -DPART_LM4F120H5QR -DTARGET_IS_BLIZZARD_RA1 -Iinc -I../RASLib/.. -I/usr/local/lib/StellarisWare/.. -I/usr/local/lib/StellarisWare -o raspy.o raspy.c
raspy.c: In function 'printToPySerial':
raspy.c:128:23: error: 'vectorCount' undeclared (first use in this function)
   for(int i=0; i++; i<vectorCount) {
                       ^
raspy.c:128:23: note: each undeclared identifier is reported only once for each function it appears in
raspy.c:129:21: error: 'validVectors' undeclared (first use in this function)
     drawray(0,0,100,validVectors[i],"blue");
                     ^
Makefile:114: recipe for target 'raspy.o' failed
make: *** [raspy.o] Error 1
rm hardware.o nav.o display.o Main.o math.o sensors.o
tianshu@VirtualLamiaceae ~/ras/Rasware/Blackbird $ make
arm-none-eabi-gcc -c -mthumb -mcpu=cortex-m4 -g -mfpu=fpv4-sp-d16 -mfloat-abi=softfp -O0 -ffunction-sections -fdata-sections -MD -std=c99 -Dgcc -DPART_LM4F120H5QR -DTARGET_IS_BLIZZARD_RA1 -Iinc -I../RASLib/.. -I/usr/local/lib/StellarisWare/.. -I/usr/local/lib/StellarisWare -o hardware.o hardware.c
arm-none-eabi-gcc -c -mthumb -mcpu=cortex-m4 -g -mfpu=fpv4-sp-d16 -mfloat-abi=softfp -O0 -ffunction-sections -fdata-sections -MD -std=c99 -Dgcc -DPART_LM4F120H5QR -DTARGET_IS_BLIZZARD_RA1 -Iinc -I../RASLib/.. -I/usr/local/lib/StellarisWare/.. -I/usr/local/lib/StellarisWare -o nav.o nav.c
arm-none-eabi-gcc -c -mthumb -mcpu=cortex-m4 -g -mfpu=fpv4-sp-d16 -mfloat-abi=softfp -O0 -ffunction-sections -fdata-sections -MD -std=c99 -Dgcc -DPART_LM4F120H5QR -DTARGET_IS_BLIZZARD_RA1 -Iinc -I../RASLib/.. -I/usr/local/lib/StellarisWare/.. -I/usr/local/lib/StellarisWare -o Main.o Main.c
arm-none-eabi-gcc -c -mthumb -mcpu=cortex-m4 -g -mfpu=fpv4-sp-d16 -mfloat-abi=softfp -O0 -ffunction-sections -fdata-sections -MD -std=c99 -Dgcc -DPART_LM4F120H5QR -DTARGET_IS_BLIZZARD_RA1 -Iinc -I../RASLib/.. -I/usr/local/lib/StellarisWare/.. -I/usr/local/lib/StellarisWare -o display.o display.c
arm-none-eabi-gcc -c -mthumb -mcpu=cortex-m4 -g -mfpu=fpv4-sp-d16 -mfloat-abi=softfp -O0 -ffunction-sections -fdata-sections -MD -std=c99 -Dgcc -DPART_LM4F120H5QR -DTARGET_IS_BLIZZARD_RA1 -Iinc -I../RASLib/.. -I/usr/local/lib/StellarisWare/.. -I/usr/local/lib/StellarisWare -o sensors.o sensors.c
arm-none-eabi-gcc -c -mthumb -mcpu=cortex-m4 -g -mfpu=fpv4-sp-d16 -mfloat-abi=softfp -O0 -ffunction-sections -fdata-sections -MD -std=c99 -Dgcc -DPART_LM4F120H5QR -DTARGET_IS_BLIZZARD_RA1 -Iinc -I../RASLib/.. -I/usr/local/lib/StellarisWare/.. -I/usr/local/lib/StellarisWare -o math.o math.c
arm-none-eabi-gcc -c -mthumb -mcpu=cortex-m4 -g -mfpu=fpv4-sp-d16 -mfloat-abi=softfp -O0 -ffunction-sections -fdata-sections -MD -std=c99 -Dgcc -DPART_LM4F120H5QR -DTARGET_IS_BLIZZARD_RA1 -Iinc -I../RASLib/.. -I/usr/local/lib/StellarisWare/.. -I/usr/local/lib/StellarisWare -o raspy.o raspy.c
raspy.c: In function 'printToPySerial':
raspy.c:129:21: error: 'validVectors' undeclared (first use in this function)
     drawray(0,0,100,validVectors[i],"blue");
                     ^
raspy.c:129:21: note: each undeclared identifier is reported only once for each function it appears in
Makefile:114: recipe for target 'raspy.o' failed
make: *** [raspy.o] Error 1
rm hardware.o nav.o display.o Main.o math.o sensors.o
tianshu@VirtualLamiaceae ~/ras/Rasware/Blackbird $ make
arm-none-eabi-gcc -c -mthumb -mcpu=cortex-m4 -g -mfpu=fpv4-sp-d16 -mfloat-abi=softfp -O0 -ffunction-sections -fdata-sections -MD -std=c99 -Dgcc -DPART_LM4F120H5QR -DTARGET_IS_BLIZZARD_RA1 -Iinc -I../RASLib/.. -I/usr/local/lib/StellarisWare/.. -I/usr/local/lib/StellarisWare -o hardware.o hardware.c
arm-none-eabi-gcc -c -mthumb -mcpu=cortex-m4 -g -mfpu=fpv4-sp-d16 -mfloat-abi=softfp -O0 -ffunction-sections -fdata-sections -MD -std=c99 -Dgcc -DPART_LM4F120H5QR -DTARGET_IS_BLIZZARD_RA1 -Iinc -I../RASLib/.. -I/usr/local/lib/StellarisWare/.. -I/usr/local/lib/StellarisWare -o nav.o nav.c
arm-none-eabi-gcc -c -mthumb -mcpu=cortex-m4 -g -mfpu=fpv4-sp-d16 -mfloat-abi=softfp -O0 -ffunction-sections -fdata-sections -MD -std=c99 -Dgcc -DPART_LM4F120H5QR -DTARGET_IS_BLIZZARD_RA1 -Iinc -I../RASLib/.. -I/usr/local/lib/StellarisWare/.. -I/usr/local/lib/StellarisWare -o Main.o Main.c
arm-none-eabi-gcc -c -mthumb -mcpu=cortex-m4 -g -mfpu=fpv4-sp-d16 -mfloat-abi=softfp -O0 -ffunction-sections -fdata-sections -MD -std=c99 -Dgcc -DPART_LM4F120H5QR -DTARGET_IS_BLIZZARD_RA1 -Iinc -I../RASLib/.. -I/usr/local/lib/StellarisWare/.. -I/usr/local/lib/StellarisWare -o display.o display.c
arm-none-eabi-gcc -c -mthumb -mcpu=cortex-m4 -g -mfpu=fpv4-sp-d16 -mfloat-abi=softfp -O0 -ffunction-sections -fdata-sections -MD -std=c99 -Dgcc -DPART_LM4F120H5QR -DTARGET_IS_BLIZZARD_RA1 -Iinc -I../RASLib/.. -I/usr/local/lib/StellarisWare/.. -I/usr/local/lib/StellarisWare -o sensors.o sensors.c
arm-none-eabi-gcc -c -mthumb -mcpu=cortex-m4 -g -mfpu=fpv4-sp-d16 -mfloat-abi=softfp -O0 -ffunction-sections -fdata-sections -MD -std=c99 -Dgcc -DPART_LM4F120H5QR -DTARGET_IS_BLIZZARD_RA1 -Iinc -I../RASLib/.. -I/usr/local/lib/StellarisWare/.. -I/usr/local/lib/StellarisWare -o math.o math.c
arm-none-eabi-gcc -c -mthumb -mcpu=cortex-m4 -g -mfpu=fpv4-sp-d16 -mfloat-abi=softfp -O0 -ffunction-sections -fdata-sections -MD -std=c99 -Dgcc -DPART_LM4F120H5QR -DTARGET_IS_BLIZZARD_RA1 -Iinc -I../RASLib/.. -I/usr/local/lib/StellarisWare/.. -I/usr/local/lib/StellarisWare -o raspy.o raspy.c
arm-none-eabi-gcc -c -mthumb -mcpu=cortex-m4 -g -mfpu=fpv4-sp-d16 -mfloat-abi=softfp -O0 -ffunction-sections -fdata-sections -MD -std=c99 -Dgcc -DPART_LM4F120H5QR -DTARGET_IS_BLIZZARD_RA1 -Iinc -I../RASLib/.. -I/usr/local/lib/StellarisWare/.. -I/usr/local/lib/StellarisWare -o Startup.o Startup.c
arm-none-eabi-gcc -c -mthumb -mcpu=cortex-m4 -g -mfpu=fpv4-sp-d16 -mfloat-abi=softfp -O0 -ffunction-sections -fdata-sections -MD -std=c99 -Dgcc -DPART_LM4F120H5QR -DTARGET_IS_BLIZZARD_RA1 -Iinc -I../RASLib/.. -I/usr/local/lib/StellarisWare/.. -I/usr/local/lib/StellarisWare -o control.o control.c
arm-none-eabi-ld -T lm4f.ld -o RASTemplate.out hardware.o nav.o Main.o display.o sensors.o math.o raspy.o Startup.o control.o --entry ResetHandler --gc-sections -L../RASLib/output -L/usr/local/lib/StellarisWare/driverlib/gcc-cm4f -L/usr/local/lib/CortexM4Libs -L'/usr/lib/gcc/arm-none-eabi/4.9.3/armv7e-m/softfp/' -L'/usr/lib/gcc/arm-none-eabi/4.9.3/../../../arm-none-eabi/lib/arm-none-eabi/4.9.3/armv7e-m/softfp/' -L'/usr/lib/gcc/arm-none-eabi/4.9.3/../../../arm-none-eabi/lib/armv7e-m/softfp/' -L'/usr/lib/gcc/arm-none-eabi/4.9.3/' -L'/usr/lib/gcc/arm-none-eabi/4.9.3/../../../arm-none-eabi/lib/arm-none-eabi/4.9.3/' -L'/usr/lib/gcc/arm-none-eabi/4.9.3/../../../arm-none-eabi/lib/' -lras -ldriver-cm4f -lm -lc -lgcc
arm-none-eabi-ld: cannot find -lras
Makefile:111: recipe for target 'RASTemplate.out' failed
make: *** [RASTemplate.out] Error 1
rm hardware.o raspy.o control.o nav.o Startup.o display.o Main.o math.o sensors.o
tianshu@VirtualLamiaceae ~/ras/Rasware/Blackbird $ ls
bugtracker.txt  hardware.c  Makefile  pseudocontrol.txt   sensors.d
control.c       hardware.d  math.c    pseudonav.txt       sensors.h
control.d       hardware.h  math.d    raspy.c             #*shell*#
control.h       lm4f.ld     math.h    raspy.d             Startup.c
display.c       Main.c      nav.c     raspy.h             Startup.d
display.d       Main.d      nav.d     RASTemplate.uvproj  structures.h
display.h       main.h      nav.h     sensors.c
tianshu@VirtualLamiaceae ~/ras/Rasware/Blackbird $ cd ..
tianshu@VirtualLamiaceae ~/ras/Rasware $ ls
Blackbird     LEDDemo  Pulse    RASLib  RASTemplate  ServoCode
HelloWorld.c  LICENSE  RASDemo  RasPy   README.md
tianshu@VirtualLamiaceae ~/ras/Rasware $ cd .
tianshu@VirtualLamiaceae ~/ras/Rasware $ cd ..
tianshu@VirtualLamiaceae ~/ras $ ls
Main-backup.c  Rasware  Rasware-backup
tianshu@VirtualLamiaceae ~/ras $ cd Rasware
tianshu@VirtualLamiaceae ~/ras/Rasware $ make
make: *** No targets specified and no makefile found.  Stop.
tianshu@VirtualLamiaceae ~/ras/Rasware $ ls
Blackbird     LEDDemo  Pulse    RASLib  RASTemplate  ServoCode
HelloWorld.c  LICENSE  RASDemo  RasPy   README.md
tianshu@VirtualLamiaceae ~/ras/Rasware $ cd RASLib
tianshu@VirtualLamiaceae ~/ras/Rasware/RASLib $ make
arm-none-eabi-gcc -c -mthumb -mcpu=cortex-m4 -g -mfpu=fpv4-sp-d16 -mfloat-abi=softfp -O0 -ffunction-sections -fdata-sections -MD -std=c99 -Dgcc -DPART_LM4F120H5QR -DTARGET_IS_BLIZZARD_RA1 -Iinc -I../RASLib/.. -I/usr/local/lib/StellarisWare/.. -I/usr/local/lib/StellarisWare -o src/tlemotor.o src/tlemotor.c
arm-none-eabi-gcc -c -mthumb -mcpu=cortex-m4 -g -mfpu=fpv4-sp-d16 -mfloat-abi=softfp -O0 -ffunction-sections -fdata-sections -MD -std=c99 -Dgcc -DPART_LM4F120H5QR -DTARGET_IS_BLIZZARD_RA1 -Iinc -I../RASLib/.. -I/usr/local/lib/StellarisWare/.. -I/usr/local/lib/StellarisWare -o src/motor.o src/motor.c
arm-none-eabi-gcc -c -mthumb -mcpu=cortex-m4 -g -mfpu=fpv4-sp-d16 -mfloat-abi=softfp -O0 -ffunction-sections -fdata-sections -MD -std=c99 -Dgcc -DPART_LM4F120H5QR -DTARGET_IS_BLIZZARD_RA1 -Iinc -I../RASLib/.. -I/usr/local/lib/StellarisWare/.. -I/usr/local/lib/StellarisWare -o src/i2clinesensor.o src/i2clinesensor.c
arm-none-eabi-gcc -c -mthumb -mcpu=cortex-m4 -g -mfpu=fpv4-sp-d16 -mfloat-abi=softfp -O0 -ffunction-sections -fdata-sections -MD -std=c99 -Dgcc -DPART_LM4F120H5QR -DTARGET_IS_BLIZZARD_RA1 -Iinc -I../RASLib/.. -I/usr/local/lib/StellarisWare/.. -I/usr/local/lib/StellarisWare -o src/servomotor.o src/servomotor.c
arm-none-eabi-gcc -c -mthumb -mcpu=cortex-m4 -g -mfpu=fpv4-sp-d16 -mfloat-abi=softfp -O0 -ffunction-sections -fdata-sections -MD -std=c99 -Dgcc -DPART_LM4F120H5QR -DTARGET_IS_BLIZZARD_RA1 -Iinc -I../RASLib/.. -I/usr/local/lib/StellarisWare/.. -I/usr/local/lib/StellarisWare -o src/time.o src/time.c
arm-none-eabi-gcc -c -mthumb -mcpu=cortex-m4 -g -mfpu=fpv4-sp-d16 -mfloat-abi=softfp -O0 -ffunction-sections -fdata-sections -MD -std=c99 -Dgcc -DPART_LM4F120H5QR -DTARGET_IS_BLIZZARD_RA1 -Iinc -I../RASLib/.. -I/usr/local/lib/StellarisWare/.. -I/usr/local/lib/StellarisWare -o src/linesensor.o src/linesensor.c
arm-none-eabi-gcc -c -mthumb -mcpu=cortex-m4 -g -mfpu=fpv4-sp-d16 -mfloat-abi=softfp -O0 -ffunction-sections -fdata-sections -MD -std=c99 -Dgcc -DPART_LM4F120H5QR -DTARGET_IS_BLIZZARD_RA1 -Iinc -I../RASLib/.. -I/usr/local/lib/StellarisWare/.. -I/usr/local/lib/StellarisWare -o src/uart.o src/uart.c
arm-none-eabi-gcc -c -mthumb -mcpu=cortex-m4 -g -mfpu=fpv4-sp-d16 -mfloat-abi=softfp -O0 -ffunction-sections -fdata-sections -MD -std=c99 -Dgcc -DPART_LM4F120H5QR -DTARGET_IS_BLIZZARD_RA1 -Iinc -I../RASLib/.. -I/usr/local/lib/StellarisWare/.. -I/usr/local/lib/StellarisWare -o src/common.o src/common.c
arm-none-eabi-gcc -c -mthumb -mcpu=cortex-m4 -g -mfpu=fpv4-sp-d16 -mfloat-abi=softfp -O0 -ffunction-sections -fdata-sections -MD -std=c99 -Dgcc -DPART_LM4F120H5QR -DTARGET_IS_BLIZZARD_RA1 -Iinc -I../RASLib/.. -I/usr/local/lib/StellarisWare/.. -I/usr/local/lib/StellarisWare -o src/encoder.o src/encoder.c
arm-none-eabi-gcc -c -mthumb -mcpu=cortex-m4 -g -mfpu=fpv4-sp-d16 -mfloat-abi=softfp -O0 -ffunction-sections -fdata-sections -MD -std=c99 -Dgcc -DPART_LM4F120H5QR -DTARGET_IS_BLIZZARD_RA1 -Iinc -I../RASLib/.. -I/usr/local/lib/StellarisWare/.. -I/usr/local/lib/StellarisWare -o src/servo.o src/servo.c
arm-none-eabi-gcc -c -mthumb -mcpu=cortex-m4 -g -mfpu=fpv4-sp-d16 -mfloat-abi=softfp -O0 -ffunction-sections -fdata-sections -MD -std=c99 -Dgcc -DPART_LM4F120H5QR -DTARGET_IS_BLIZZARD_RA1 -Iinc -I../RASLib/.. -I/usr/local/lib/StellarisWare/.. -I/usr/local/lib/StellarisWare -o src/spi.o src/spi.c
arm-none-eabi-gcc -c -mthumb -mcpu=cortex-m4 -g -mfpu=fpv4-sp-d16 -mfloat-abi=softfp -O0 -ffunction-sections -fdata-sections -MD -std=c99 -Dgcc -DPART_LM4F120H5QR -DTARGET_IS_BLIZZARD_RA1 -Iinc -I../RASLib/.. -I/usr/local/lib/StellarisWare/.. -I/usr/local/lib/StellarisWare -o src/gpio.o src/gpio.c
arm-none-eabi-gcc -c -mthumb -mcpu=cortex-m4 -g -mfpu=fpv4-sp-d16 -mfloat-abi=softfp -O0 -ffunction-sections -fdata-sections -MD -std=c99 -Dgcc -DPART_LM4F120H5QR -DTARGET_IS_BLIZZARD_RA1 -Iinc -I../RASLib/.. -I/usr/local/lib/StellarisWare/.. -I/usr/local/lib/StellarisWare -o src/pwm.o src/pwm.c
arm-none-eabi-gcc -c -mthumb -mcpu=cortex-m4 -g -mfpu=fpv4-sp-d16 -mfloat-abi=softfp -O0 -ffunction-sections -fdata-sections -MD -std=c99 -Dgcc -DPART_LM4F120H5QR -DTARGET_IS_BLIZZARD_RA1 -Iinc -I../RASLib/.. -I/usr/local/lib/StellarisWare/.. -I/usr/local/lib/StellarisWare -o src/sonar.o src/sonar.c
arm-none-eabi-gcc -c -mthumb -mcpu=cortex-m4 -g -mfpu=fpv4-sp-d16 -mfloat-abi=softfp -O0 -ffunction-sections -fdata-sections -MD -std=c99 -Dgcc -DPART_LM4F120H5QR -DTARGET_IS_BLIZZARD_RA1 -Iinc -I../RASLib/.. -I/usr/local/lib/StellarisWare/.. -I/usr/local/lib/StellarisWare -o src/timeout.o src/timeout.c
arm-none-eabi-gcc -c -mthumb -mcpu=cortex-m4 -g -mfpu=fpv4-sp-d16 -mfloat-abi=softfp -O0 -ffunction-sections -fdata-sections -MD -std=c99 -Dgcc -DPART_LM4F120H5QR -DTARGET_IS_BLIZZARD_RA1 -Iinc -I../RASLib/.. -I/usr/local/lib/StellarisWare/.. -I/usr/local/lib/StellarisWare -o src/i2c.o src/i2c.c
arm-none-eabi-gcc -c -mthumb -mcpu=cortex-m4 -g -mfpu=fpv4-sp-d16 -mfloat-abi=softfp -O0 -ffunction-sections -fdata-sections -MD -std=c99 -Dgcc -DPART_LM4F120H5QR -DTARGET_IS_BLIZZARD_RA1 -Iinc -I../RASLib/.. -I/usr/local/lib/StellarisWare/.. -I/usr/local/lib/StellarisWare -o src/gpiolinesensor.o src/gpiolinesensor.c
arm-none-eabi-gcc -c -mthumb -mcpu=cortex-m4 -g -mfpu=fpv4-sp-d16 -mfloat-abi=softfp -O0 -ffunction-sections -fdata-sections -MD -std=c99 -Dgcc -DPART_LM4F120H5QR -DTARGET_IS_BLIZZARD_RA1 -Iinc -I../RASLib/.. -I/usr/local/lib/StellarisWare/.. -I/usr/local/lib/StellarisWare -o src/adc.o src/adc.c
arm-none-eabi-ar rcs output/libras.a src/tlemotor.o src/motor.o src/i2clinesensor.o src/servomotor.o src/time.o src/linesensor.o src/uart.o src/common.o src/encoder.o src/servo.o src/spi.o src/gpio.o src/pwm.o src/sonar.o src/timeout.o src/i2c.o src/gpiolinesensor.o src/adc.o
rm src/encoder.o src/uart.o src/sonar.o src/gpio.o src/servomotor.o src/pwm.o src/gpiolinesensor.o src/linesensor.o src/time.o src/motor.o src/tlemotor.o src/i2c.o src/common.o src/adc.o src/i2clinesensor.o src/timeout.o src/spi.o src/servo.o
tianshu@VirtualLamiaceae ~/ras/Rasware/RASLib $ cd ..
tianshu@VirtualLamiaceae ~/ras/Rasware $ ls
Blackbird     LEDDemo  Pulse    RASLib  RASTemplate  ServoCode
HelloWorld.c  LICENSE  RASDemo  RasPy   README.md
tianshu@VirtualLamiaceae ~/ras/Rasware $ cd Blackbird
tianshu@VirtualLamiaceae ~/ras/Rasware/Blackbird $ make
arm-none-eabi-gcc -c -mthumb -mcpu=cortex-m4 -g -mfpu=fpv4-sp-d16 -mfloat-abi=softfp -O0 -ffunction-sections -fdata-sections -MD -std=c99 -Dgcc -DPART_LM4F120H5QR -DTARGET_IS_BLIZZARD_RA1 -Iinc -I../RASLib/.. -I/usr/local/lib/StellarisWare/.. -I/usr/local/lib/StellarisWare -o hardware.o hardware.c
arm-none-eabi-gcc -c -mthumb -mcpu=cortex-m4 -g -mfpu=fpv4-sp-d16 -mfloat-abi=softfp -O0 -ffunction-sections -fdata-sections -MD -std=c99 -Dgcc -DPART_LM4F120H5QR -DTARGET_IS_BLIZZARD_RA1 -Iinc -I../RASLib/.. -I/usr/local/lib/StellarisWare/.. -I/usr/local/lib/StellarisWare -o nav.o nav.c
arm-none-eabi-gcc -c -mthumb -mcpu=cortex-m4 -g -mfpu=fpv4-sp-d16 -mfloat-abi=softfp -O0 -ffunction-sections -fdata-sections -MD -std=c99 -Dgcc -DPART_LM4F120H5QR -DTARGET_IS_BLIZZARD_RA1 -Iinc -I../RASLib/.. -I/usr/local/lib/StellarisWare/.. -I/usr/local/lib/StellarisWare -o Main.o Main.c
arm-none-eabi-gcc -c -mthumb -mcpu=cortex-m4 -g -mfpu=fpv4-sp-d16 -mfloat-abi=softfp -O0 -ffunction-sections -fdata-sections -MD -std=c99 -Dgcc -DPART_LM4F120H5QR -DTARGET_IS_BLIZZARD_RA1 -Iinc -I../RASLib/.. -I/usr/local/lib/StellarisWare/.. -I/usr/local/lib/StellarisWare -o display.o display.c
arm-none-eabi-gcc -c -mthumb -mcpu=cortex-m4 -g -mfpu=fpv4-sp-d16 -mfloat-abi=softfp -O0 -ffunction-sections -fdata-sections -MD -std=c99 -Dgcc -DPART_LM4F120H5QR -DTARGET_IS_BLIZZARD_RA1 -Iinc -I../RASLib/.. -I/usr/local/lib/StellarisWare/.. -I/usr/local/lib/StellarisWare -o sensors.o sensors.c
arm-none-eabi-gcc -c -mthumb -mcpu=cortex-m4 -g -mfpu=fpv4-sp-d16 -mfloat-abi=softfp -O0 -ffunction-sections -fdata-sections -MD -std=c99 -Dgcc -DPART_LM4F120H5QR -DTARGET_IS_BLIZZARD_RA1 -Iinc -I../RASLib/.. -I/usr/local/lib/StellarisWare/.. -I/usr/local/lib/StellarisWare -o math.o math.c
arm-none-eabi-gcc -c -mthumb -mcpu=cortex-m4 -g -mfpu=fpv4-sp-d16 -mfloat-abi=softfp -O0 -ffunction-sections -fdata-sections -MD -std=c99 -Dgcc -DPART_LM4F120H5QR -DTARGET_IS_BLIZZARD_RA1 -Iinc -I../RASLib/.. -I/usr/local/lib/StellarisWare/.. -I/usr/local/lib/StellarisWare -o raspy.o raspy.c
arm-none-eabi-gcc -c -mthumb -mcpu=cortex-m4 -g -mfpu=fpv4-sp-d16 -mfloat-abi=softfp -O0 -ffunction-sections -fdata-sections -MD -std=c99 -Dgcc -DPART_LM4F120H5QR -DTARGET_IS_BLIZZARD_RA1 -Iinc -I../RASLib/.. -I/usr/local/lib/StellarisWare/.. -I/usr/local/lib/StellarisWare -o Startup.o Startup.c
arm-none-eabi-gcc -c -mthumb -mcpu=cortex-m4 -g -mfpu=fpv4-sp-d16 -mfloat-abi=softfp -O0 -ffunction-sections -fdata-sections -MD -std=c99 -Dgcc -DPART_LM4F120H5QR -DTARGET_IS_BLIZZARD_RA1 -Iinc -I../RASLib/.. -I/usr/local/lib/StellarisWare/.. -I/usr/local/lib/StellarisWare -o control.o control.c
arm-none-eabi-ld -T lm4f.ld -o RASTemplate.out hardware.o nav.o Main.o display.o sensors.o math.o raspy.o Startup.o control.o --entry ResetHandler --gc-sections -L../RASLib/output -L/usr/local/lib/StellarisWare/driverlib/gcc-cm4f -L/usr/local/lib/CortexM4Libs -L'/usr/lib/gcc/arm-none-eabi/4.9.3/armv7e-m/softfp/' -L'/usr/lib/gcc/arm-none-eabi/4.9.3/../../../arm-none-eabi/lib/arm-none-eabi/4.9.3/armv7e-m/softfp/' -L'/usr/lib/gcc/arm-none-eabi/4.9.3/../../../arm-none-eabi/lib/armv7e-m/softfp/' -L'/usr/lib/gcc/arm-none-eabi/4.9.3/' -L'/usr/lib/gcc/arm-none-eabi/4.9.3/../../../arm-none-eabi/lib/arm-none-eabi/4.9.3/' -L'/usr/lib/gcc/arm-none-eabi/4.9.3/../../../arm-none-eabi/lib/' -lras -ldriver-cm4f -lm -lc -lgcc
rm hardware.o raspy.o control.o nav.o Startup.o display.o Main.o math.o sensors.o
tianshu@VirtualLamiaceae ~/ras/Rasware/Blackbird $ ls
bugtracker.txt  hardware.c  Makefile  pseudocontrol.txt   sensors.c
control.c       hardware.d  math.c    pseudonav.txt       sensors.d
control.d       hardware.h  math.d    raspy.c             sensors.h
control.h       lm4f.ld     math.h    raspy.d             #*shell*#
display.c       Main.c      nav.c     raspy.h             Startup.c
display.d       Main.d      nav.d     RASTemplate.out     Startup.d
display.h       main.h      nav.h     RASTemplate.uvproj  structures.h
tianshu@VirtualLamiaceae ~/ras/Rasware/Blackbird $ rm #*shell*#
rm: missing operand
Try 'rm --help' for more information.
tianshu@VirtualLamiaceae ~/ras/Rasware/Blackbird $ ls
bugtracker.txt  hardware.c  Makefile  pseudocontrol.txt   sensors.c
control.c       hardware.d  math.c    pseudonav.txt       sensors.d
control.d       hardware.h  math.d    raspy.c             sensors.h
control.h       lm4f.ld     math.h    raspy.d             #*shell*#
display.c       Main.c      nav.c     raspy.h             Startup.c
display.d       Main.d      nav.d     RASTemplate.out     Startup.d
display.h       main.h      nav.h     RASTemplate.uvproj  structures.h
tianshu@VirtualLamiaceae ~/ras/Rasware/Blackbird $ rm shell
rm: cannot remove 'shell': No such file or directory
tianshu@VirtualLamiaceae ~/ras/Rasware/Blackbird $ rm *#
tianshu@VirtualLamiaceae ~/ras/Rasware/Blackbird $ ls
bugtracker.txt  hardware.c  Makefile  pseudocontrol.txt   sensors.c
control.c       hardware.d  math.c    pseudonav.txt       sensors.d
control.d       hardware.h  math.d    raspy.c             sensors.h
control.h       lm4f.ld     math.h    raspy.d             Startup.c
display.c       Main.c      nav.c     raspy.h             Startup.d
display.d       Main.d      nav.d     RASTemplate.out     structures.h
display.h       main.h      nav.h     RASTemplate.uvproj
tianshu@VirtualLamiaceae ~/ras/Rasware/Blackbird $ cd ..
tianshu@VirtualLamiaceae ~/ras/Rasware $ git add Blackbird
tianshu@VirtualLamiaceae ~/ras/Rasware $ ls
Blackbird     LEDDemo  Pulse    RASLib  RASTemplate  ServoCode
HelloWorld.c  LICENSE  RASDemo  RasPy   README.md
tianshu@VirtualLamiaceae ~/ras/Rasware $ cd RasPy
tianshu@VirtualLamiaceae ~/ras/Rasware/RasPy $ ls
main-old.py  main.py  main.pyc  raspy.py  raspy.py~  raspy.pyc  readme.txt
tianshu@VirtualLamiaceae ~/ras/Rasware/RasPy $ git add raspy.py
tianshu@VirtualLamiaceae ~/ras/Rasware/RasPy $ git commit
error: Terminal is dumb, but EDITOR unset
Please supply the message using either -m or -F option.
tianshu@VirtualLamiaceae ~/ras/Rasware/RasPy $ python main.py
launchpad connected: /dev/lm4f
launchpad connected: /dev/lm4f
  C-c C-cTraceback (most recent call last):
  File "main.py", line 41, in <module>
    launchpad.update()
  File "/home/tianshu/ras/Rasware/RasPy/raspy.py", line 159, in update
    is_frame_draw = self.update_buffer()
  File "/home/tianshu/ras/Rasware/RasPy/raspy.py", line 174, in update_buffer
    instruction = self.parse_line(self.get_line())
  File "/home/tianshu/ras/Rasware/RasPy/raspy.py", line 71, in get_line
    return(self.device.readline().strip())
  File "/home/tianshu/.local/lib/python2.7/site-packages/serial/serialposix.py", line 483, in read
    ready, _, _ = select.select([self.fd, self.pipe_abort_read_r], [], [], timeout.time_left())
KeyboardInterrupt
tianshu@VirtualLamiaceae ~/ras/Rasware/RasPy $ python main.py
launchpad connected: /dev/lm4f
python main.py  C-c C-cTraceback (most recent call last):
  File "main.py", line 41, in <module>
    launchpad.update()
  File "/home/tianshu/ras/Rasware/RasPy/raspy.py", line 159, in update
    is_frame_draw = self.update_buffer()
  File "/home/tianshu/ras/Rasware/RasPy/raspy.py", line 174, in update_buffer
    instruction = self.parse_line(self.get_line())
  File "/home/tianshu/ras/Rasware/RasPy/raspy.py", line 71, in get_line
    return(self.device.readline().strip())
  File "/home/tianshu/.local/lib/python2.7/site-packages/serial/serialposix.py", line 483, in read
    ready, _, _ = select.select([self.fd, self.pipe_abort_read_r], [], [], timeout.time_left())
KeyboardInterrupt
tianshu@VirtualLamiaceae ~/ras/Rasware/RasPy $ python main.py
launchpad connected: /dev/lm4f
valid vectors:
6.000000
valid vectors:
5.000000
valid vectors:
7.000000
valid vectors:
5.000000
valid vectors:
7.000000
valid vectors:
5.000000
valid vectors:
8.000000
valid vectors:
7.000000
valid vectors:
6.000000
valid vectors:
6.000000
valid vectors:
7.000000
valid vectors:
6.000000
valid vectors:
5.000000
valid vectors:
7.000000
valid vectors:
6.000000
valid vectors:
8.000000
valid vectors:
8.000000
valid vectors:
8.000000
valid vectors:
7.000000
valid vectors:
7.000000
valid vectors:
6.000000
valid vectors:
6.000000
valid vectors:
6.000000
valid vectors:
7.000000
valid vectors:
7.000000
valid vectors:
6.000000
valid vectors:
5.000000
valid vectors:
6.000000
valid vectors:
6.000000
valid vectors:
5.000000
valid vectors:
6.000000
valid vectors:
8.000000
valid vectors:
6.000000
valid vectors:
7.000000
valid vectors:
7.000000
valid vectors:
7.000000
valid vectors:
8.000000
valid vectors:
7.000000
valid vectors:
6.000000
valid vectors:
7.000000
valid vectors:
7.000000
valid vectors:
8.000000
valid vectors:
7.000000
valid vectors:
7.000000
valid vectors:
7.000000
valid vectors:
8.000000
valid vectors:
8.000000
valid vectors:
7.000000
valid vectors:
7.000000
valid vectors:
7.000000
valid vectors:
5.000000
valid vectors:
6.000000
valid vectors:
7.000000
valid vectors:
6.000000
valid vectors:
6.000000
valid vectors:
6.000000
valid vectors:
5.000000
valid vectors:
5.000000
valid vectors:
5.000000
valid vectors:
4.000000
valid vectors:
6.000000
valid vectors:
7.000000
valid vectors:
5.000000
valid vectors:
6.000000
valid vectors:
5.000000
valid vectors:
7.000000
valid vectors:
6.000000
valid vectors:
5.000000
valid vectors:
7.000000
valid vectors:
6.000000
valid vectors:
6.000000
valid vectors:
6.000000
valid vectors:
8.000000
valid vectors:
6.000000
valid vectors:
6.000000
valid vectors:
5.000000
valid vectors:
8.000000
valid vectors:
7.000000
valid vectors:
6.000000
valid vectors:
4.000000
valid vectors:
6.000000
valid vectors:
6.000000
valid vectors:
7.000000
valid vectors:
7.000000
valid vectors:
7.000000
valid vectors:
6.000000
valid vectors:
6.000000
valid vectors:
6.000000
valid vectors:
5.000000
valid vectors:
5.000000
valid vectors:
6.000000
valid vectors:
5.000000
valid vectors:
6.000000
valid vectors:
7.000000
valid vectors:
7.000000
valid vectors:
7.000000
valid vectors:
6.000000
valid vectors:
5.000000
valid vectors:
7.000000
valid vectors:
6.000000
valid vectors:
5.000000
valid vectors:
6.000000
valid vectors:
6.000000
valid vectors:
7.000000
valid vectors:
7.000000
valid vectors:
8.000000
valid vectors:
7.000000
valid vectors:
7.000000
valid vectors:
7.000000
valid vectors:
8.000000
valid vectors:
5.000000
valid vectors:
7.000000
valid vectors:
7.000000
valid vectors:
6.000000
valid vectors:
6.000000
valid vectors:
6.000000
valid vectors:
6.000000
valid vectors:
6.000000
valid vectors:
6.000000
valid vectors:
5.000000
valid vectors:
7.000000
valid vectors:
6.000000
valid vectors:
6.000000
valid vectors:
6.000000
valid vectors:
6.000000
valid vectors:
6.000000
valid vectors:
7.000000
valid vectors:
7.000000
valid vectors:
8.000000
valid vectors:
8.000000
valid vectors:
7.000000
valid vectors:
7.000000
valid vectors:
7.000000
valid vectors:
7.000000
valid vectors:
7.000000
valid vectors:
7.000000
valid vectors:
8.000000
valid vectors:
7.000000
valid vectors:
6.000000
valid vectors:
6.000000
valid vectors:
6.000000
valid vectors:
6.000000
valid vectors:
6.000000
valid vectors:
7.000000
valid vectors:
6.000000
valid vectors:
7.000000
valid vectors:
5.000000
valid vectors:
7.000000
valid vectors:
7.000000
valid vectors:
7.000000
valid vectors:
7.000000
valid vectors:
7.000000
valid vectors:
6.000000
valid vectors:
6.000000
valid vectors:
6.000000
valid vectors:
6.000000
valid vectors:
6.000000
valid vectors:
6.000000
valid vectors:
6.000000
valid vectors:
6.000000
valid vectors:
6.000000
valid vectors:
5.000000
valid vectors:
6.000000
valid vectors:
6.000000
valid vectors:
5.000000
valid vectors:
6.000000
valid vectors:
6.000000
valid vectors:
6.000000
valid vectors:
7.000000
valid vectors:
6.000000
valid vectors:
8.000000
valid vectors:
5.000000
valid vectors:
5.000000
valid vectors:
8.000000
valid vectors:
5.000000
valid vectors:
6.000000
valid vectors:
6.000000
valid vectors:
6.000000
valid vectors:
8.000000
valid vectors:
6.000000
valid vectors:
7.000000
valid vectors:
5.000000
valid vectors:
6.000000
valid vectors:
8.000000
valid vectors:
7.000000
valid vectors:
7.000000
valid vectors:
7.000000
valid vectors:
6.000000
valid vectors:
8.000000
valid vectors:
7.000000
valid vectors:
7.000000
valid vectors:
6.000000
valid vectors:
4.000000
valid vectors:
6.000000
valid vectors:
5.000000
valid vectors:
7.000000
valid vectors:
6.000000
valid vectors:
8.000000
valid vectors:
6.000000
valid vectors:
6.000000
valid vectors:
8.000000
valid vectors:
7.000000
valid vectors:
7.000000
valid vectors:
6.000000
valid vectors:
7.000000
valid vectors:
7.000000
valid vectors:
7.000000
valid vectors:
7.000000
valid vectors:
6.000000
valid vectors:
5.000000
valid vectors:
5.000000
valid vectors:
5.000000
valid vectors:
7.000000
valid vectors:
8.000000
valid vectors:
7.000000
valid vectors:
6.000000
valid vectors:
8.000000
valid vectors:
7.000000
valid vectors:
7.000000
valid vectors:
6.000000
valid vectors:
6.000000
valid vectors:
7.000000
valid vectors:
6.000000
valid vectors:
8.000000
valid vectors:
6.000000
valid vectors:
7.000000
valid vectors:
7.000000
valid vectors:
6.000000
valid vectors:
6.000000
valid vectors:
6.000000
valid vectors:
7.000000
valid vectors:
7.000000
valid vectors:
7.000000
valid vectors:
6.000000
valid vectors:
7.000000
valid vectors:
7.000000
valid vectors:
6.000000
valid vectors:
5.000000
valid vectors:
7.000000
valid vectors:
8.000000
valid vectors:
7.000000
valid vectors:
7.000000
valid vectors:
7.000000
valid vectors:
7.000000
valid vectors:
7.000000
valid vectors:
7.000000
valid vectors:
7.000000
valid vectors:
7.000000
valid vectors:
7.000000
valid vectors:
6.000000
valid vectors:
6.000000
valid vectors:
6.000000
valid vectors:
7.000000
valid vectors:
7.000000
valid vectors:
7.000000
valid vectors:
6.000000
valid vectors:
7.000000
valid vectors:
7.000000
valid vectors:
6.000000
valid vectors:
7.000000
valid vectors:
7.000000
valid vectors:
7.000000
valid vectors:
6.000000
valid vectors:
7.000000
valid vectors:
7.000000
valid vectors:
8.000000
valid vectors:
7.000000
valid vectors:
6.000000
valid vectors:
6.000000
valid vectors:
5.000000
valid vectors:
6.000000
valid vectors:
7.000000
valid vectors:
7.000000
valid vectors:
6.000000
valid vectors:
6.000000
valid vectors:
6.000000
valid vectors:
7.000000
valid vectors:
6.000000
valid vectors:
7.000000
valid vectors:
7.000000
valid vectors:
6.000000
valid vectors:
7.000000
valid vectors:
6.000000
valid vectors:
6.000000
valid vectors:
6.000000
valid vectors:
6.000000
valid vectors:
6.000000
valid vectors:
6.000000
valid vectors:
7.000000
valid vectors:
7.000000
valid vectors:
6.000000
valid vectors:
7.000000
valid vectors:
5.000000
valid vectors:
7.000000
valid vectors:
5.000000
valid vectors:
7.000000
valid vectors:
8.000000
valid vectors:
5.000000
valid vectors:
6.000000
valid vectors:
6.000000
valid vectors:
6.000000
valid vectors:
7.000000
valid vectors:
6.000000
valid vectors:
6.000000
valid vectors:
6.000000
valid vectors:
4.000000
valid vectors:
4.000000
valid vectors:
4.000000
valid vectors:
6.000000
valid vectors:
6.000000
valid vectors:
6.000000
valid vectors:
6.000000
valid vectors:
6.000000
valid vectors:
7.000000
valid vectors:
6.000000
valid vectors:
6.000000
valid vectors:
6.000000
valid vectors:
6.000000
valid vectors:
6.000000
valid vectors:
7.000000
valid vectors:
7.000000
valid vectors:
6.000000
valid vectors:
6.000000
valid vectors:
5.000000
valid vectors:
7.000000
valid vectors:
7.000000
valid vectors:
7.000000
valid vectors:
7.000000
valid vectors:
7.000000
valid vectors:
7.000000
valid vectors:
7.000000
valid vectors:
8.000000
valid vectors:
7.000000
valid vectors:
7.000000
valid vectors:
5.000000
valid vectors:
6.000000
valid vectors:
8.000000
valid vectors:
7.000000
valid vectors:
5.000000
valid vectors:
6.000000
valid vectors:
5.000000
valid vectors:
7.000000
valid vectors:
6.000000
valid vectors:
6.000000
valid vectors:
6.000000
valid vectors:
5.000000
valid vectors:
6.000000
valid vectors:
6.000000
valid vectors:
6.000000
valid vectors:
8.000000
valid vectors:
8.000000
valid vectors:
8.000000
valid vectors:
8.000000
valid vectors:
7.000000
valid vectors:
8.000000
valid vectors:
6.000000
valid vectors:
6.000000
valid vectors:
8.000000
valid vectors:
6.000000
valid vectors:
5.000000
valid vectors:
7.000000
valid vectors:
7.000000
valid vectors:
6.000000
valid vectors:
7.000000
valid vectors:
6.000000
valid vectors:
6.000000
valid vectors:
7.000000
valid vectors:
7.000000
valid vectors:
7.000000
valid vectors:
6.000000
valid vectors:
7.000000
valid vectors:
5.000000
valid vectors:
6.000000
valid vectors:
5.000000
valid vectors:
7.000000
valid vectors:
6.000000
valid vectors:
8.000000
valid vectors:
4.000000
valid vectors:
6.000000
valid vectors:
7.000000
valid vectors:
5.000000
valid vectors:
6.000000
valid vectors:
7.000000
valid vectors:
6.000000
valid vectors:
7.000000
valid vectors:
8.000000
valid vectors:
6.000000
valid vectors:
5.000000
valid vectors:
5.000000
valid vectors:
4.000000
valid vectors:
6.000000
valid vectors:
5.000000
valid vectors:
6.000000
valid vectors:
6.000000
valid vectors:
5.000000
valid vectors:
5.000000
valid vectors:
5.000000
valid vectors:
7.000000
valid vectors:
6.000000
valid vectors:
6.000000
valid vectors:
6.000000
valid vectors:
6.000000
valid vectors:
6.000000
valid vectors:
7.000000
valid vectors:
6.000000
valid vectors:
7.000000
valid vectors:
5.000000
valid vectors:
6.000000
valid vectors:
6.000000
valid vectors:
6.000000
valid vectors:
5.000000
valid vectors:
6.000000
valid vectors:
6.000000
valid vectors:
5.000000
valid vectors:
6.000000
valid vectors:
5.000000
valid vectors:
7.000000
valid vectors:
6.000000
valid vectors:
6.000000
valid vectors:
7.000000
valid vectors:
7.000000
valid vectors:
6.000000
valid vectors:
5.000000
valid vectors:
4.000000
valid vectors:
6.000000
valid vectors:
7.000000
valid vectors:
5.000000
valid vectors:
5.000000
valid vectors:
7.000000
valid vectors:
5.000000
valid vectors:
7.000000
valid vectors:
6.000000
valid vectors:
6.000000
valid vectors:
7.000000
valid vectors:
6.000000
valid vectors:
6.000000
valid vectors:
7.000000
valid vectors:
5.000000
valid vectors:
6.000000
valid vectors:
6.000000
valid vectors:
6.000000
valid vectors:
6.000000
valid vectors:
6.000000
valid vectors:
6.000000
valid vectors:
6.000000
valid vectors:
7.000000
valid vectors:
6.000000
valid vectors:
5.000000
valid vectors:
6.000000
valid vectors:
7.000000
valid vectors:
6.000000
valid vectors:
6.000000
valid vectors:
7.000000
valid vectors:
7.000000
valid vectors:
6.000000
valid vectors:
7.000000
valid vectors:
7.000000
valid vectors:
6.000000
valid vectors:
7.000000
valid vectors:
7.000000
valid vectors:
7.000000
valid vectors:
6.000000
valid vectors:
6.000000
valid vectors:
7.000000
valid vectors:
6.000000
valid vectors:
6.000000
valid vectors:
6.000000
valid vectors:
6.000000
valid vectors:
6.000000
valid vectors:
8.000000
valid vectors:
6.000000
valid vectors:
7.000000
valid vectors:
7.000000
valid vectors:
7.000000
valid vectors:
6.000000
valid vectors:
6.000000
valid vectors:
6.000000
valid vectors:
6.000000
valid vectors:
5.000000
valid vectors:
6.000000
valid vectors:
5.000000
valid vectors:
7.000000
valid vectors:
5.000000
valid vectors:
7.000000
valid vectors:
5.000000
valid vectors:
6.000000
valid vectors:
6.000000
valid vectors:
8.000000
valid vectors:
7.000000
valid vectors:
7.000000
valid vectors:
7.000000
valid vectors:
7.000000
valid vectors:
8.000000
valid vectors:
8.000000
valid vectors:
6.000000
valid vectors:
7.000000
valid vectors:
7.000000
valid vectors:
3.000000
valid vectors:
9.000000
valid vectors:
9.000000
valid vectors:
10.000000
valid vectors:
10.000000
valid vectors:
10.000000
valid vectors:
9.000000
valid vectors:
10.000000
valid vectors:
10.000000
valid vectors:
8.000000
valid vectors:
9.000000
valid vectors:
9.000000
valid vectors:
8.000000
valid vectors:
7.000000
valid vectors:
8.000000
valid vectors:
8.000000
valid vectors:
3.000000
valid vectors:
9.000000
valid vectors:
8.000000
valid vectors:
9.000000
valid vectors:
9.000000
valid vectors:
7.000000
valid vectors:
7.000000
valid vectors:
9.000000
valid vectors:
3.000000
valid vectors:
8.000000
valid vectors:
7.000000
valid vectors:
4.000000
valid vectors:
3.000000
valid vectors:
8.000000
valid vectors:
8.000000
valid vectors:
9.000000
valid vectors:
3.000000
valid vectors:
8.000000
valid vectors:
3.000000
valid vectors:
3.000000
valid vectors:
3.000000
valid vectors:
3.000000
valid vectors:
4.000000
valid vectors:
4.000000
valid vectors:
4.000000
valid vectors:
10.000000
valid vectors:
4.000000
valid vectors:
10.000000
valid vectors:
4.000000
valid vectors:
10.000000
valid vectors:
10.000000
valid vectors:
4.000000
valid vectors:
9.000000
valid vectors:
9.000000
valid vectors:
8.000000
valid vectors:
9.000000
valid vectors:
9.000000
valid vectors:
3.000000
valid vectors:
8.000000
valid vectors:
4.000000
valid vectors:
3.000000
valid vectors:
3.000000
valid vectors:
3.000000
valid vectors:
9.000000
valid vectors:
3.000000
valid vectors:
3.000000
valid vectors:
7.000000
valid vectors:
7.000000
valid vectors:
3.000000
valid vectors:
4.000000
valid vectors:
9.000000
valid vectors:
3.000000
valid vectors:
9.000000
valid vectors:
4.000000
valid vectors:
4.000000
valid vectors:
8.000000
valid vectors:
10.000000
valid vectors:
10.000000
valid vectors:
9.000000
valid vectors:
4.000000
valid vectors:
5.000000
valid vectors:
7.000000
valid vectors:
7.000000
valid vectors:
7.000000
valid vectors:
7.000000
valid vectors:
8.000000
valid vectors:
7.000000
valid vectors:
7.000000
valid vectors:
8.000000
valid vectors:
7.000000
valid vectors:
7.000000
valid vectors:
7.000000
valid vectors:
7.000000
valid vectors:
7.000000
valid vectors:
7.000000
valid vectors:
7.000000
valid vectors:
7.000000
valid vectors:
7.000000
valid vectors:
7.000000
valid vectors:
7.000000
valid vectors:
7.000000
valid vectors:
7.000000
valid vectors:
7.000000
valid vectors:
6.000000
valid vectors:
7.000000
valid vectors:
6.000000
valid vectors:
7.000000
valid vectors:
8.000000
valid vectors:
7.000000
valid vectors:
7.000000
valid vectors:
6.000000
valid vectors:
6.000000
valid vectors:
6.000000
valid vectors:
6.000000
valid vectors:
6.000000
valid vectors:
7.000000
valid vectors:
7.000000
valid vectors:
6.000000
valid vectors:
6.000000
valid vectors:
7.000000
valid vectors:
ma6.000000
valid vectors:
6.000000
valid vectors:
6.000000
valid vectors:
6.000000
valid vectors:
5.000000
valid vectors:
6.000000
valid vectors:
valid vectors:
6.000000
valid vectors:
6.000000
valid vectors:
6.000000
valid vectors:
5.000000
valid vectors:
6.000000
valid vectors:
  C-c C-cTraceback (most recent call last):
  File "main.py", line 41, in <module>
    launchpad.update()
  File "/home/tianshu/ras/Rasware/RasPy/raspy.py", line 159, in update
    is_frame_draw = self.update_buffer()
  File "/home/tianshu/ras/Rasware/RasPy/raspy.py", line 174, in update_buffer
    instruction = self.parse_line(self.get_line())
  File "/home/tianshu/ras/Rasware/RasPy/raspy.py", line 71, in get_line
    return(self.device.readline().strip())
  File "/home/tianshu/.local/lib/python2.7/site-packages/serial/serialposix.py", line 483, in read
    ready, _, _ = select.select([self.fd, self.pipe_abort_read_r], [], [], timeout.time_left())
KeyboardInterrupt
tianshu@VirtualLamiaceae ~/ras/Rasware/RasPy $ make
make: *** No targets specified and no makefile found.  Stop.
tianshu@VirtualLamiaceae ~/ras/Rasware/RasPy $ c ..
c: command not found
tianshu@VirtualLamiaceae ~/ras/Rasware/RasPy $ cd ..
tianshu@VirtualLamiaceae ~/ras/Rasware $ cd ..
tianshu@VirtualLamiaceae ~/ras $ cd Rasware/Blackbird
tianshu@VirtualLamiaceae ~/ras/Rasware/Blackbird $ make
arm-none-eabi-gcc -c -mthumb -mcpu=cortex-m4 -g -mfpu=fpv4-sp-d16 -mfloat-abi=softfp -O0 -ffunction-sections -fdata-sections -MD -std=c99 -Dgcc -DPART_LM4F120H5QR -DTARGET_IS_BLIZZARD_RA1 -Iinc -I../RASLib/.. -I/usr/local/lib/StellarisWare/.. -I/usr/local/lib/StellarisWare -o hardware.o hardware.c
arm-none-eabi-gcc -c -mthumb -mcpu=cortex-m4 -g -mfpu=fpv4-sp-d16 -mfloat-abi=softfp -O0 -ffunction-sections -fdata-sections -MD -std=c99 -Dgcc -DPART_LM4F120H5QR -DTARGET_IS_BLIZZARD_RA1 -Iinc -I../RASLib/.. -I/usr/local/lib/StellarisWare/.. -I/usr/local/lib/StellarisWare -o nav.o nav.c
arm-none-eabi-gcc -c -mthumb -mcpu=cortex-m4 -g -mfpu=fpv4-sp-d16 -mfloat-abi=softfp -O0 -ffunction-sections -fdata-sections -MD -std=c99 -Dgcc -DPART_LM4F120H5QR -DTARGET_IS_BLIZZARD_RA1 -Iinc -I../RASLib/.. -I/usr/local/lib/StellarisWare/.. -I/usr/local/lib/StellarisWare -o Main.o Main.c
arm-none-eabi-gcc -c -mthumb -mcpu=cortex-m4 -g -mfpu=fpv4-sp-d16 -mfloat-abi=softfp -O0 -ffunction-sections -fdata-sections -MD -std=c99 -Dgcc -DPART_LM4F120H5QR -DTARGET_IS_BLIZZARD_RA1 -Iinc -I../RASLib/.. -I/usr/local/lib/StellarisWare/.. -I/usr/local/lib/StellarisWare -o display.o display.c
arm-none-eabi-gcc -c -mthumb -mcpu=cortex-m4 -g -mfpu=fpv4-sp-d16 -mfloat-abi=softfp -O0 -ffunction-sections -fdata-sections -MD -std=c99 -Dgcc -DPART_LM4F120H5QR -DTARGET_IS_BLIZZARD_RA1 -Iinc -I../RASLib/.. -I/usr/local/lib/StellarisWare/.. -I/usr/local/lib/StellarisWare -o sensors.o sensors.c
arm-none-eabi-gcc -c -mthumb -mcpu=cortex-m4 -g -mfpu=fpv4-sp-d16 -mfloat-abi=softfp -O0 -ffunction-sections -fdata-sections -MD -std=c99 -Dgcc -DPART_LM4F120H5QR -DTARGET_IS_BLIZZARD_RA1 -Iinc -I../RASLib/.. -I/usr/local/lib/StellarisWare/.. -I/usr/local/lib/StellarisWare -o math.o math.c
arm-none-eabi-gcc -c -mthumb -mcpu=cortex-m4 -g -mfpu=fpv4-sp-d16 -mfloat-abi=softfp -O0 -ffunction-sections -fdata-sections -MD -std=c99 -Dgcc -DPART_LM4F120H5QR -DTARGET_IS_BLIZZARD_RA1 -Iinc -I../RASLib/.. -I/usr/local/lib/StellarisWare/.. -I/usr/local/lib/StellarisWare -o raspy.o raspy.c
arm-none-eabi-gcc -c -mthumb -mcpu=cortex-m4 -g -mfpu=fpv4-sp-d16 -mfloat-abi=softfp -O0 -ffunction-sections -fdata-sections -MD -std=c99 -Dgcc -DPART_LM4F120H5QR -DTARGET_IS_BLIZZARD_RA1 -Iinc -I../RASLib/.. -I/usr/local/lib/StellarisWare/.. -I/usr/local/lib/StellarisWare -o Startup.o Startup.c
arm-none-eabi-gcc -c -mthumb -mcpu=cortex-m4 -g -mfpu=fpv4-sp-d16 -mfloat-abi=softfp -O0 -ffunction-sections -fdata-sections -MD -std=c99 -Dgcc -DPART_LM4F120H5QR -DTARGET_IS_BLIZZARD_RA1 -Iinc -I../RASLib/.. -I/usr/local/lib/StellarisWare/.. -I/usr/local/lib/StellarisWare -o control.o control.c
arm-none-eabi-ld -T lm4f.ld -o RASTemplate.out hardware.o nav.o Main.o display.o sensors.o math.o raspy.o Startup.o control.o --entry ResetHandler --gc-sections -L../RASLib/output -L/usr/local/lib/StellarisWare/driverlib/gcc-cm4f -L/usr/local/lib/CortexM4Libs -L'/usr/lib/gcc/arm-none-eabi/4.9.3/armv7e-m/softfp/' -L'/usr/lib/gcc/arm-none-eabi/4.9.3/../../../arm-none-eabi/lib/arm-none-eabi/4.9.3/armv7e-m/softfp/' -L'/usr/lib/gcc/arm-none-eabi/4.9.3/../../../arm-none-eabi/lib/armv7e-m/softfp/' -L'/usr/lib/gcc/arm-none-eabi/4.9.3/' -L'/usr/lib/gcc/arm-none-eabi/4.9.3/../../../arm-none-eabi/lib/arm-none-eabi/4.9.3/' -L'/usr/lib/gcc/arm-none-eabi/4.9.3/../../../arm-none-eabi/lib/' -lras -ldriver-cm4f -lm -lc -lgcc
rm hardware.o raspy.o control.o nav.o Startup.o display.o Main.o math.o sensors.o
tianshu@VirtualLamiaceae ~/ras/Rasware/Blackbird $ cd ..
tianshu@VirtualLamiaceae ~/ras/Rasware $ cd Blackbird
tianshu@VirtualLamiaceae ~/ras/Rasware/Blackbird $ make flash || make flash
openocd -f /usr/share/openocd/scripts/board/ek-tm4c123gxl.cfg -c "init"                              \
           -c "halt"                              \
           -c "flash write_image erase RASTemplate.out" \
           -c "verify_image RASTemplate.out"            \
           -c "halt"                              \
           -c "shutdown"
Open On-Chip Debugger 0.9.0 (2015-09-02-10:43)
Licensed under GNU GPL v2
For bug reports, read
	http://openocd.org/doc/doxygen/bugs.html
Info : The selected transport took over low-level target control. The results might differ compared to plain JTAG/SWD
adapter speed: 500 kHz
Info : clock speed -1217987392 kHz
Error: open failed
in procedure 'init' 
in procedure 'ocd_bouncer'

Makefile:81: recipe for target 'flash' failed
make: *** [flash] Error 1
openocd -f /usr/share/openocd/scripts/board/ek-tm4c123gxl.cfg -c "init"                              \
           -c "halt"                              \
           -c "flash write_image erase RASTemplate.out" \
           -c "verify_image RASTemplate.out"            \
           -c "halt"                              \
           -c "shutdown"
Open On-Chip Debugger 0.9.0 (2015-09-02-10:43)
Licensed under GNU GPL v2
For bug reports, read
	http://openocd.org/doc/doxygen/bugs.html
Info : The selected transport took over low-level target control. The results might differ compared to plain JTAG/SWD
adapter speed: 500 kHz
Info : clock speed -1218184000 kHz
Error: open failed
in procedure 'init' 
in procedure 'ocd_bouncer'

Makefile:81: recipe for target 'flash' failed
make: *** [flash] Error 1
tianshu@VirtualLamiaceae ~/ras/Rasware/Blackbird $ make flash
openocd -f /usr/share/openocd/scripts/board/ek-tm4c123gxl.cfg -c "init"                              \
           -c "halt"                              \
           -c "flash write_image erase RASTemplate.out" \
           -c "verify_image RASTemplate.out"            \
           -c "halt"                              \
           -c "shutdown"
Open On-Chip Debugger 0.9.0 (2015-09-02-10:43)
Licensed under GNU GPL v2
For bug reports, read
	http://openocd.org/doc/doxygen/bugs.html
Info : The selected transport took over low-level target control. The results might differ compared to plain JTAG/SWD
adapter speed: 500 kHz
Info : clock speed -1218143040 kHz
Error: open failed
in procedure 'init' 
in procedure 'ocd_bouncer'

Makefile:81: recipe for target 'flash' failed
make: *** [flash] Error 1
tianshu@VirtualLamiaceae ~/ras/Rasware/Blackbird $ make flash || make flash
openocd -f /usr/share/openocd/scripts/board/ek-tm4c123gxl.cfg -c "init"                              \
           -c "halt"                              \
           -c "flash write_image erase RASTemplate.out" \
           -c "verify_image RASTemplate.out"            \
           -c "halt"                              \
           -c "shutdown"
Open On-Chip Debugger 0.9.0 (2015-09-02-10:43)
Licensed under GNU GPL v2
For bug reports, read
	http://openocd.org/doc/doxygen/bugs.html
Info : The selected transport took over low-level target control. The results might differ compared to plain JTAG/SWD
adapter speed: 500 kHz
Info : clock speed -1218032448 kHz
Info : ICDI Firmware version: 9270
Info : tm4c123gh6pm.cpu: hardware has 6 breakpoints, 4 watchpoints
target state: halted
target halted due to debug-request, current mode: Thread 
xPSR: 0x61000000 pc: 0x000029a0 msp: 0x20007fb0
auto erase enabled
Error: timeout waiting for algorithm, a target reset is recommended
Error: error -902 executing stellaris flash write algorithm
Error: flash writing failed with CRIS: 0x0
Error: error writing to flash at address 0x00000000 at offset 0x00000000

Makefile:81: recipe for target 'flash' failed
make: *** [flash] Error 1
openocd -f /usr/share/openocd/scripts/board/ek-tm4c123gxl.cfg -c "init"                              \
           -c "halt"                              \
           -c "flash write_image erase RASTemplate.out" \
           -c "verify_image RASTemplate.out"            \
           -c "halt"                              \
           -c "shutdown"
Open On-Chip Debugger 0.9.0 (2015-09-02-10:43)
Licensed under GNU GPL v2
For bug reports, read
	http://openocd.org/doc/doxygen/bugs.html
Info : The selected transport took over low-level target control. The results might differ compared to plain JTAG/SWD
adapter speed: 500 kHz
Info : clock speed -1217581888 kHz
Info : ICDI Firmware version: 9270
Info : tm4c123gh6pm.cpu: hardware has 6 breakpoints, 4 watchpoints
target state: halted
target halted due to debug-request, current mode: Handler HardFault
xPSR: 0x61000003 pc: 0xfffffffe msp: 0x20007f28
auto erase enabled
target state: halted
target halted due to breakpoint, current mode: Handler HardFault
xPSR: 0x61000003 pc: 0x20000042 msp: 0x20007f28
wrote 38912 bytes from file RASTemplate.out in 1.925640s (19.734 KiB/s)
target state: halted
target halted due to breakpoint, current mode: Handler HardFault
xPSR: 0x61000003 pc: 0x2000002e msp: 0x20007f28
target state: halted
target halted due to breakpoint, current mode: Handler HardFault
xPSR: 0x61000003 pc: 0x2000002e msp: 0x20007f28
verified 38856 bytes in 0.603965s (62.827 KiB/s)
shutdown command invoked
tianshu@VirtualLamiaceae ~/ras/Rasware/Blackbird $ make
arm-none-eabi-gcc -c -mthumb -mcpu=cortex-m4 -g -mfpu=fpv4-sp-d16 -mfloat-abi=softfp -O0 -ffunction-sections -fdata-sections -MD -std=c99 -Dgcc -DPART_LM4F120H5QR -DTARGET_IS_BLIZZARD_RA1 -Iinc -I../RASLib/.. -I/usr/local/lib/StellarisWare/.. -I/usr/local/lib/StellarisWare -o hardware.o hardware.c
arm-none-eabi-gcc -c -mthumb -mcpu=cortex-m4 -g -mfpu=fpv4-sp-d16 -mfloat-abi=softfp -O0 -ffunction-sections -fdata-sections -MD -std=c99 -Dgcc -DPART_LM4F120H5QR -DTARGET_IS_BLIZZARD_RA1 -Iinc -I../RASLib/.. -I/usr/local/lib/StellarisWare/.. -I/usr/local/lib/StellarisWare -o nav.o nav.c
arm-none-eabi-gcc -c -mthumb -mcpu=cortex-m4 -g -mfpu=fpv4-sp-d16 -mfloat-abi=softfp -O0 -ffunction-sections -fdata-sections -MD -std=c99 -Dgcc -DPART_LM4F120H5QR -DTARGET_IS_BLIZZARD_RA1 -Iinc -I../RASLib/.. -I/usr/local/lib/StellarisWare/.. -I/usr/local/lib/StellarisWare -o Main.o Main.c
arm-none-eabi-gcc -c -mthumb -mcpu=cortex-m4 -g -mfpu=fpv4-sp-d16 -mfloat-abi=softfp -O0 -ffunction-sections -fdata-sections -MD -std=c99 -Dgcc -DPART_LM4F120H5QR -DTARGET_IS_BLIZZARD_RA1 -Iinc -I../RASLib/.. -I/usr/local/lib/StellarisWare/.. -I/usr/local/lib/StellarisWare -o display.o display.c
arm-none-eabi-gcc -c -mthumb -mcpu=cortex-m4 -g -mfpu=fpv4-sp-d16 -mfloat-abi=softfp -O0 -ffunction-sections -fdata-sections -MD -std=c99 -Dgcc -DPART_LM4F120H5QR -DTARGET_IS_BLIZZARD_RA1 -Iinc -I../RASLib/.. -I/usr/local/lib/StellarisWare/.. -I/usr/local/lib/StellarisWare -o sensors.o sensors.c
arm-none-eabi-gcc -c -mthumb -mcpu=cortex-m4 -g -mfpu=fpv4-sp-d16 -mfloat-abi=softfp -O0 -ffunction-sections -fdata-sections -MD -std=c99 -Dgcc -DPART_LM4F120H5QR -DTARGET_IS_BLIZZARD_RA1 -Iinc -I../RASLib/.. -I/usr/local/lib/StellarisWare/.. -I/usr/local/lib/StellarisWare -o math.o math.c
arm-none-eabi-gcc -c -mthumb -mcpu=cortex-m4 -g -mfpu=fpv4-sp-d16 -mfloat-abi=softfp -O0 -ffunction-sections -fdata-sections -MD -std=c99 -Dgcc -DPART_LM4F120H5QR -DTARGET_IS_BLIZZARD_RA1 -Iinc -I../RASLib/.. -I/usr/local/lib/StellarisWare/.. -I/usr/local/lib/StellarisWare -o raspy.o raspy.c
arm-none-eabi-gcc -c -mthumb -mcpu=cortex-m4 -g -mfpu=fpv4-sp-d16 -mfloat-abi=softfp -O0 -ffunction-sections -fdata-sections -MD -std=c99 -Dgcc -DPART_LM4F120H5QR -DTARGET_IS_BLIZZARD_RA1 -Iinc -I../RASLib/.. -I/usr/local/lib/StellarisWare/.. -I/usr/local/lib/StellarisWare -o Startup.o Startup.c
arm-none-eabi-gcc -c -mthumb -mcpu=cortex-m4 -g -mfpu=fpv4-sp-d16 -mfloat-abi=softfp -O0 -ffunction-sections -fdata-sections -MD -std=c99 -Dgcc -DPART_LM4F120H5QR -DTARGET_IS_BLIZZARD_RA1 -Iinc -I../RASLib/.. -I/usr/local/lib/StellarisWare/.. -I/usr/local/lib/StellarisWare -o control.o control.c
arm-none-eabi-ld -T lm4f.ld -o RASTemplate.out hardware.o nav.o Main.o display.o sensors.o math.o raspy.o Startup.o control.o --entry ResetHandler --gc-sections -L../RASLib/output -L/usr/local/lib/StellarisWare/driverlib/gcc-cm4f -L/usr/local/lib/CortexM4Libs -L'/usr/lib/gcc/arm-none-eabi/4.9.3/armv7e-m/softfp/' -L'/usr/lib/gcc/arm-none-eabi/4.9.3/../../../arm-none-eabi/lib/arm-none-eabi/4.9.3/armv7e-m/softfp/' -L'/usr/lib/gcc/arm-none-eabi/4.9.3/../../../arm-none-eabi/lib/armv7e-m/softfp/' -L'/usr/lib/gcc/arm-none-eabi/4.9.3/' -L'/usr/lib/gcc/arm-none-eabi/4.9.3/../../../arm-none-eabi/lib/arm-none-eabi/4.9.3/' -L'/usr/lib/gcc/arm-none-eabi/4.9.3/../../../arm-none-eabi/lib/' -lras -ldriver-cm4f -lm -lc -lgcc
rm hardware.o raspy.o control.o nav.o Startup.o display.o Main.o math.o sensors.o
tianshu@VirtualLamiaceae ~/ras/Rasware/Blackbird $ make flash || make flash
openocd -f /usr/share/openocd/scripts/board/ek-tm4c123gxl.cfg -c "init"                              \
           -c "halt"                              \
           -c "flash write_image erase RASTemplate.out" \
           -c "verify_image RASTemplate.out"            \
           -c "halt"                              \
           -c "shutdown"
Open On-Chip Debugger 0.9.0 (2015-09-02-10:43)
Licensed under GNU GPL v2
For bug reports, read
	http://openocd.org/doc/doxygen/bugs.html
Info : The selected transport took over low-level target control. The results might differ compared to plain JTAG/SWD
adapter speed: 500 kHz
Info : clock speed -1217585984 kHz
Info : ICDI Firmware version: 9270
Info : tm4c123gh6pm.cpu: hardware has 6 breakpoints, 4 watchpoints
target state: halted
target halted due to debug-request, current mode: Thread 
xPSR: 0x21000000 pc: 0x00001110 msp: 0x20007fd0
auto erase enabled
Error: timeout waiting for algorithm, a target reset is recommended
Error: error -902 executing stellaris flash write algorithm
Error: flash writing failed with CRIS: 0x0
Error: error writing to flash at address 0x00000000 at offset 0x00000000

Makefile:81: recipe for target 'flash' failed
make: *** [flash] Error 1
openocd -f /usr/share/openocd/scripts/board/ek-tm4c123gxl.cfg -c "init"                              \
           -c "halt"                              \
           -c "flash write_image erase RASTemplate.out" \
           -c "verify_image RASTemplate.out"            \
           -c "halt"                              \
           -c "shutdown"
Open On-Chip Debugger 0.9.0 (2015-09-02-10:43)
Licensed under GNU GPL v2
For bug reports, read
	http://openocd.org/doc/doxygen/bugs.html
Info : The selected transport took over low-level target control. The results might differ compared to plain JTAG/SWD
adapter speed: 500 kHz
Info : clock speed -1217721152 kHz
Info : ICDI Firmware version: 9270
Info : tm4c123gh6pm.cpu: hardware has 6 breakpoints, 4 watchpoints
target state: halted
target halted due to debug-request, current mode: Handler HardFault
xPSR: 0x21000003 pc: 0xfffffffe msp: 0x20007f48
auto erase enabled
target state: halted
target halted due to breakpoint, current mode: Handler HardFault
xPSR: 0x61000003 pc: 0x20000042 msp: 0x20007f48
wrote 39936 bytes from file RASTemplate.out in 2.070702s (18.834 KiB/s)
target state: halted
target halted due to breakpoint, current mode: Handler HardFault
xPSR: 0x61000003 pc: 0x2000002e msp: 0x20007f48
target state: halted
target halted due to breakpoint, current mode: Handler HardFault
xPSR: 0x61000003 pc: 0x2000002e msp: 0x20007f48
verified 39160 bytes in 0.608914s (62.804 KiB/s)
shutdown command invoked
tianshu@VirtualLamiaceae ~/ras/Rasware/Blackbird $   C-c C-c
tianshu@VirtualLamiaceae ~/ras/Rasware/Blackbird $ make
arm-none-eabi-gcc -c -mthumb -mcpu=cortex-m4 -g -mfpu=fpv4-sp-d16 -mfloat-abi=softfp -O0 -ffunction-sections -fdata-sections -MD -std=c99 -Dgcc -DPART_LM4F120H5QR -DTARGET_IS_BLIZZARD_RA1 -Iinc -I../RASLib/.. -I/usr/local/lib/StellarisWare/.. -I/usr/local/lib/StellarisWare -o hardware.o hardware.c
arm-none-eabi-gcc -c -mthumb -mcpu=cortex-m4 -g -mfpu=fpv4-sp-d16 -mfloat-abi=softfp -O0 -ffunction-sections -fdata-sections -MD -std=c99 -Dgcc -DPART_LM4F120H5QR -DTARGET_IS_BLIZZARD_RA1 -Iinc -I../RASLib/.. -I/usr/local/lib/StellarisWare/.. -I/usr/local/lib/StellarisWare -o nav.o nav.c
arm-none-eabi-gcc -c -mthumb -mcpu=cortex-m4 -g -mfpu=fpv4-sp-d16 -mfloat-abi=softfp -O0 -ffunction-sections -fdata-sections -MD -std=c99 -Dgcc -DPART_LM4F120H5QR -DTARGET_IS_BLIZZARD_RA1 -Iinc -I../RASLib/.. -I/usr/local/lib/StellarisWare/.. -I/usr/local/lib/StellarisWare -o Main.o Main.c
arm-none-eabi-gcc -c -mthumb -mcpu=cortex-m4 -g -mfpu=fpv4-sp-d16 -mfloat-abi=softfp -O0 -ffunction-sections -fdata-sections -MD -std=c99 -Dgcc -DPART_LM4F120H5QR -DTARGET_IS_BLIZZARD_RA1 -Iinc -I../RASLib/.. -I/usr/local/lib/StellarisWare/.. -I/usr/local/lib/StellarisWare -o display.o display.c
arm-none-eabi-gcc -c -mthumb -mcpu=cortex-m4 -g -mfpu=fpv4-sp-d16 -mfloat-abi=softfp -O0 -ffunction-sections -fdata-sections -MD -std=c99 -Dgcc -DPART_LM4F120H5QR -DTARGET_IS_BLIZZARD_RA1 -Iinc -I../RASLib/.. -I/usr/local/lib/StellarisWare/.. -I/usr/local/lib/StellarisWare -o sensors.o sensors.c
arm-none-eabi-gcc -c -mthumb -mcpu=cortex-m4 -g -mfpu=fpv4-sp-d16 -mfloat-abi=softfp -O0 -ffunction-sections -fdata-sections -MD -std=c99 -Dgcc -DPART_LM4F120H5QR -DTARGET_IS_BLIZZARD_RA1 -Iinc -I../RASLib/.. -I/usr/local/lib/StellarisWare/.. -I/usr/local/lib/StellarisWare -o math.o math.c
arm-none-eabi-gcc -c -mthumb -mcpu=cortex-m4 -g -mfpu=fpv4-sp-d16 -mfloat-abi=softfp -O0 -ffunction-sections -fdata-sections -MD -std=c99 -Dgcc -DPART_LM4F120H5QR -DTARGET_IS_BLIZZARD_RA1 -Iinc -I../RASLib/.. -I/usr/local/lib/StellarisWare/.. -I/usr/local/lib/StellarisWare -o raspy.o raspy.c
arm-none-eabi-gcc -c -mthumb -mcpu=cortex-m4 -g -mfpu=fpv4-sp-d16 -mfloat-abi=softfp -O0 -ffunction-sections -fdata-sections -MD -std=c99 -Dgcc -DPART_LM4F120H5QR -DTARGET_IS_BLIZZARD_RA1 -Iinc -I../RASLib/.. -I/usr/local/lib/StellarisWare/.. -I/usr/local/lib/StellarisWare -o Startup.o Startup.c
arm-none-eabi-gcc -c -mthumb -mcpu=cortex-m4 -g -mfpu=fpv4-sp-d16 -mfloat-abi=softfp -O0 -ffunction-sections -fdata-sections -MD -std=c99 -Dgcc -DPART_LM4F120H5QR -DTARGET_IS_BLIZZARD_RA1 -Iinc -I../RASLib/.. -I/usr/local/lib/StellarisWare/.. -I/usr/local/lib/StellarisWare -o control.o control.c
arm-none-eabi-ld -T lm4f.ld -o RASTemplate.out hardware.o nav.o Main.o display.o sensors.o math.o raspy.o Startup.o control.o --entry ResetHandler --gc-sections -L../RASLib/output -L/usr/local/lib/StellarisWare/driverlib/gcc-cm4f -L/usr/local/lib/CortexM4Libs -L'/usr/lib/gcc/arm-none-eabi/4.9.3/armv7e-m/softfp/' -L'/usr/lib/gcc/arm-none-eabi/4.9.3/../../../arm-none-eabi/lib/arm-none-eabi/4.9.3/armv7e-m/softfp/' -L'/usr/lib/gcc/arm-none-eabi/4.9.3/../../../arm-none-eabi/lib/armv7e-m/softfp/' -L'/usr/lib/gcc/arm-none-eabi/4.9.3/' -L'/usr/lib/gcc/arm-none-eabi/4.9.3/../../../arm-none-eabi/lib/arm-none-eabi/4.9.3/' -L'/usr/lib/gcc/arm-none-eabi/4.9.3/../../../arm-none-eabi/lib/' -lras -ldriver-cm4f -lm -lc -lgcc
rm hardware.o raspy.o control.o nav.o Startup.o display.o Main.o math.o sensors.o
tianshu@VirtualLamiaceae ~/ras/Rasware/Blackbird $ make flash || make flash
openocd -f /usr/share/openocd/scripts/board/ek-tm4c123gxl.cfg -c "init"                              \
           -c "halt"                              \
           -c "flash write_image erase RASTemplate.out" \
           -c "verify_image RASTemplate.out"            \
           -c "halt"                              \
           -c "shutdown"
Open On-Chip Debugger 0.9.0 (2015-09-02-10:43)
Licensed under GNU GPL v2
For bug reports, read
	http://openocd.org/doc/doxygen/bugs.html
Info : The selected transport took over low-level target control. The results might differ compared to plain JTAG/SWD
adapter speed: 500 kHz
Info : clock speed -1218069312 kHz
Info : ICDI Firmware version: 9270
Info : tm4c123gh6pm.cpu: hardware has 6 breakpoints, 4 watchpoints
target state: halted
target halted due to debug-request, current mode: Thread 
xPSR: 0x01000000 pc: 0x0000112e msp: 0x20007fc0
auto erase enabled
Error: timeout waiting for algorithm, a target reset is recommended
Error: error -902 executing stellaris flash write algorithm
Error: flash writing failed with CRIS: 0x0
Error: error writing to flash at address 0x00000000 at offset 0x00000000

Makefile:81: recipe for target 'flash' failed
make: *** [flash] Error 1
openocd -f /usr/share/openocd/scripts/board/ek-tm4c123gxl.cfg -c "init"                              \
           -c "halt"                              \
           -c "flash write_image erase RASTemplate.out" \
           -c "verify_image RASTemplate.out"            \
           -c "halt"                              \
           -c "shutdown"
Open On-Chip Debugger 0.9.0 (2015-09-02-10:43)
Licensed under GNU GPL v2
For bug reports, read
	http://openocd.org/doc/doxygen/bugs.html
Info : The selected transport took over low-level target control. The results might differ compared to plain JTAG/SWD
adapter speed: 500 kHz
Info : clock speed -1217983296 kHz
Info : ICDI Firmware version: 9270
Info : tm4c123gh6pm.cpu: hardware has 6 breakpoints, 4 watchpoints
target state: halted
target halted due to debug-request, current mode: Handler HardFault
xPSR: 0x01000003 pc: 0xfffffffe msp: 0x20007f38
auto erase enabled
target state: halted
target halted due to breakpoint, current mode: Handler HardFault
xPSR: 0x61000003 pc: 0x20000042 msp: 0x20007f38
wrote 39936 bytes from file RASTemplate.out in 2.005585s (19.446 KiB/s)
target state: halted
target halted due to breakpoint, current mode: Handler HardFault
xPSR: 0x61000003 pc: 0x2000002e msp: 0x20007f38
target state: halted
target halted due to breakpoint, current mode: Handler HardFault
xPSR: 0x61000003 pc: 0x2000002e msp: 0x20007f38
verified 39168 bytes in 0.624030s (61.295 KiB/s)
shutdown command invoked
tianshu@VirtualLamiaceae ~/ras/Rasware/Blackbird $ make
arm-none-eabi-gcc -c -mthumb -mcpu=cortex-m4 -g -mfpu=fpv4-sp-d16 -mfloat-abi=softfp -O0 -ffunction-sections -fdata-sections -MD -std=c99 -Dgcc -DPART_LM4F120H5QR -DTARGET_IS_BLIZZARD_RA1 -Iinc -I../RASLib/.. -I/usr/local/lib/StellarisWare/.. -I/usr/local/lib/StellarisWare -o hardware.o hardware.c
arm-none-eabi-gcc -c -mthumb -mcpu=cortex-m4 -g -mfpu=fpv4-sp-d16 -mfloat-abi=softfp -O0 -ffunction-sections -fdata-sections -MD -std=c99 -Dgcc -DPART_LM4F120H5QR -DTARGET_IS_BLIZZARD_RA1 -Iinc -I../RASLib/.. -I/usr/local/lib/StellarisWare/.. -I/usr/local/lib/StellarisWare -o nav.o nav.c
arm-none-eabi-gcc -c -mthumb -mcpu=cortex-m4 -g -mfpu=fpv4-sp-d16 -mfloat-abi=softfp -O0 -ffunction-sections -fdata-sections -MD -std=c99 -Dgcc -DPART_LM4F120H5QR -DTARGET_IS_BLIZZARD_RA1 -Iinc -I../RASLib/.. -I/usr/local/lib/StellarisWare/.. -I/usr/local/lib/StellarisWare -o Main.o Main.c
arm-none-eabi-gcc -c -mthumb -mcpu=cortex-m4 -g -mfpu=fpv4-sp-d16 -mfloat-abi=softfp -O0 -ffunction-sections -fdata-sections -MD -std=c99 -Dgcc -DPART_LM4F120H5QR -DTARGET_IS_BLIZZARD_RA1 -Iinc -I../RASLib/.. -I/usr/local/lib/StellarisWare/.. -I/usr/local/lib/StellarisWare -o display.o display.c
arm-none-eabi-gcc -c -mthumb -mcpu=cortex-m4 -g -mfpu=fpv4-sp-d16 -mfloat-abi=softfp -O0 -ffunction-sections -fdata-sections -MD -std=c99 -Dgcc -DPART_LM4F120H5QR -DTARGET_IS_BLIZZARD_RA1 -Iinc -I../RASLib/.. -I/usr/local/lib/StellarisWare/.. -I/usr/local/lib/StellarisWare -o sensors.o sensors.c
arm-none-eabi-gcc -c -mthumb -mcpu=cortex-m4 -g -mfpu=fpv4-sp-d16 -mfloat-abi=softfp -O0 -ffunction-sections -fdata-sections -MD -std=c99 -Dgcc -DPART_LM4F120H5QR -DTARGET_IS_BLIZZARD_RA1 -Iinc -I../RASLib/.. -I/usr/local/lib/StellarisWare/.. -I/usr/local/lib/StellarisWare -o math.o math.c
arm-none-eabi-gcc -c -mthumb -mcpu=cortex-m4 -g -mfpu=fpv4-sp-d16 -mfloat-abi=softfp -O0 -ffunction-sections -fdata-sections -MD -std=c99 -Dgcc -DPART_LM4F120H5QR -DTARGET_IS_BLIZZARD_RA1 -Iinc -I../RASLib/.. -I/usr/local/lib/StellarisWare/.. -I/usr/local/lib/StellarisWare -o raspy.o raspy.c
arm-none-eabi-gcc -c -mthumb -mcpu=cortex-m4 -g -mfpu=fpv4-sp-d16 -mfloat-abi=softfp -O0 -ffunction-sections -fdata-sections -MD -std=c99 -Dgcc -DPART_LM4F120H5QR -DTARGET_IS_BLIZZARD_RA1 -Iinc -I../RASLib/.. -I/usr/local/lib/StellarisWare/.. -I/usr/local/lib/StellarisWare -o Startup.o Startup.c
arm-none-eabi-gcc -c -mthumb -mcpu=cortex-m4 -g -mfpu=fpv4-sp-d16 -mfloat-abi=softfp -O0 -ffunction-sections -fdata-sections -MD -std=c99 -Dgcc -DPART_LM4F120H5QR -DTARGET_IS_BLIZZARD_RA1 -Iinc -I../RASLib/.. -I/usr/local/lib/StellarisWare/.. -I/usr/local/lib/StellarisWare -o control.o control.c
arm-none-eabi-ld -T lm4f.ld -o RASTemplate.out hardware.o nav.o Main.o display.o sensors.o math.o raspy.o Startup.o control.o --entry ResetHandler --gc-sections -L../RASLib/output -L/usr/local/lib/StellarisWare/driverlib/gcc-cm4f -L/usr/local/lib/CortexM4Libs -L'/usr/lib/gcc/arm-none-eabi/4.9.3/armv7e-m/softfp/' -L'/usr/lib/gcc/arm-none-eabi/4.9.3/../../../arm-none-eabi/lib/arm-none-eabi/4.9.3/armv7e-m/softfp/' -L'/usr/lib/gcc/arm-none-eabi/4.9.3/../../../arm-none-eabi/lib/armv7e-m/softfp/' -L'/usr/lib/gcc/arm-none-eabi/4.9.3/' -L'/usr/lib/gcc/arm-none-eabi/4.9.3/../../../arm-none-eabi/lib/arm-none-eabi/4.9.3/' -L'/usr/lib/gcc/arm-none-eabi/4.9.3/../../../arm-none-eabi/lib/' -lras -ldriver-cm4f -lm -lc -lgcc
rm hardware.o raspy.o control.o nav.o Startup.o display.o Main.o math.o sensors.o
tianshu@VirtualLamiaceae ~/ras/Rasware/Blackbird $ 